
> vite_react_shadcn_ts@0.0.0 test
> vitest run src/test/pages/WishlistPage.test.tsx


[1m[46m RUN [49m[22m [36mv3.2.4 [39m[90mC:/Users/DV.PRASAD/Elara-Cosmetics-E--Commerce-Website-[39m

stderr | src/test/pages/WishlistPage.test.tsx > WishlistPage Tests > Page Rendering > should render wishlist page without crashing
Error: Uncaught [Error: useWishlist must be used within a WishlistProvider]
    at reportException (C:\Users\DV.PRASAD\Elara-Cosmetics-E--Commerce-Website-\node_modules\jsdom\lib\jsdom\living\helpers\runtime-script-errors.js:66:24)
    at innerInvokeEventListeners (C:\Users\DV.PRASAD\Elara-Cosmetics-E--Commerce-Website-\node_modules\jsdom\lib\jsdom\living\events\EventTarget-impl.js:353:9)
    at invokeEventListeners (C:\Users\DV.PRASAD\Elara-Cosmetics-E--Commerce-Website-\node_modules\jsdom\lib\jsdom\living\events\EventTarget-impl.js:286:3)
    at HTMLUnknownElementImpl._dispatch (C:\Users\DV.PRASAD\Elara-Cosmetics-E--Commerce-Website-\node_modules\jsdom\lib\jsdom\living\events\EventTarget-impl.js:233:9)
    at HTMLUnknownElementImpl.dispatchEvent (C:\Users\DV.PRASAD\Elara-Cosmetics-E--Commerce-Website-\node_modules\jsdom\lib\jsdom\living\events\EventTarget-impl.js:104:17)
    at HTMLUnknownElement.dispatchEvent (C:\Users\DV.PRASAD\Elara-Cosmetics-E--Commerce-Website-\node_modules\jsdom\lib\jsdom\living\generated\EventTarget.js:241:34)
    at Object.invokeGuardedCallbackDev (C:\Users\DV.PRASAD\Elara-Cosmetics-E--Commerce-Website-\node_modules\react-dom\cjs\react-dom.development.js:4213:16)
    at invokeGuardedCallback (C:\Users\DV.PRASAD\Elara-Cosmetics-E--Commerce-Website-\node_modules\react-dom\cjs\react-dom.development.js:4277:31)
    at beginWork$1 (C:\Users\DV.PRASAD\Elara-Cosmetics-E--Commerce-Website-\node_modules\react-dom\cjs\react-dom.development.js:27490:7)
    at performUnitOfWork (C:\Users\DV.PRASAD\Elara-Cosmetics-E--Commerce-Website-\node_modules\react-dom\cjs\react-dom.development.js:26599:12) Error: useWishlist must be used within a WishlistProvider
    at Module.useWishlist (C:\Users\DV.PRASAD\Elara-Cosmetics-E--Commerce-Website-\src\hooks\use-wishlist.ts:10:11)
    at WishlistPage (C:\Users\DV.PRASAD\Elara-Cosmetics-E--Commerce-Website-\src\pages\WishlistPage.tsx:11:59)
    at renderWithHooks (C:\Users\DV.PRASAD\Elara-Cosmetics-E--Commerce-Website-\node_modules\react-dom\cjs\react-dom.development.js:15486:18)
    at mountIndeterminateComponent (C:\Users\DV.PRASAD\Elara-Cosmetics-E--Commerce-Website-\node_modules\react-dom\cjs\react-dom.development.js:20103:13)
    at beginWork (C:\Users\DV.PRASAD\Elara-Cosmetics-E--Commerce-Website-\node_modules\react-dom\cjs\react-dom.development.js:21626:16)
    at HTMLUnknownElement.callCallback (C:\Users\DV.PRASAD\Elara-Cosmetics-E--Commerce-Website-\node_modules\react-dom\cjs\react-dom.development.js:4164:14)
    at HTMLUnknownElement.callTheUserObjectsOperation (C:\Users\DV.PRASAD\Elara-Cosmetics-E--Commerce-Website-\node_modules\jsdom\lib\jsdom\living\generated\EventListener.js:26:30)
    at innerInvokeEventListeners (C:\Users\DV.PRASAD\Elara-Cosmetics-E--Commerce-Website-\node_modules\jsdom\lib\jsdom\living\events\EventTarget-impl.js:350:25)
    at invokeEventListeners (C:\Users\DV.PRASAD\Elara-Cosmetics-E--Commerce-Website-\node_modules\jsdom\lib\jsdom\living\events\EventTarget-impl.js:286:3)
    at HTMLUnknownElementImpl._dispatch (C:\Users\DV.PRASAD\Elara-Cosmetics-E--Commerce-Website-\node_modules\jsdom\lib\jsdom\living\events\EventTarget-impl.js:233:9)
Error: Uncaught [Error: useWishlist must be used within a WishlistProvider]
    at reportException (C:\Users\DV.PRASAD\Elara-Cosmetics-E--Commerce-Website-\node_modules\jsdom\lib\jsdom\living\helpers\runtime-script-errors.js:66:24)
    at innerInvokeEventListeners (C:\Users\DV.PRASAD\Elara-Cosmetics-E--Commerce-Website-\node_modules\jsdom\lib\jsdom\living\events\EventTarget-impl.js:353:9)
    at invokeEventListeners (C:\Users\DV.PRASAD\Elara-Cosmetics-E--Commerce-Website-\node_modules\jsdom\lib\jsdom\living\events\EventTarget-impl.js:286:3)
    at HTMLUnknownElementImpl._dispatch (C:\Users\DV.PRASAD\Elara-Cosmetics-E--Commerce-Website-\node_modules\jsdom\lib\jsdom\living\events\EventTarget-impl.js:233:9)
    at HTMLUnknownElementImpl.dispatchEvent (C:\Users\DV.PRASAD\Elara-Cosmetics-E--Commerce-Website-\node_modules\jsdom\lib\jsdom\living\events\EventTarget-impl.js:104:17)
    at HTMLUnknownElement.dispatchEvent (C:\Users\DV.PRASAD\Elara-Cosmetics-E--Commerce-Website-\node_modules\jsdom\lib\jsdom\living\generated\EventTarget.js:241:34)
    at Object.invokeGuardedCallbackDev (C:\Users\DV.PRASAD\Elara-Cosmetics-E--Commerce-Website-\node_modules\react-dom\cjs\react-dom.development.js:4213:16)
    at invokeGuardedCallback (C:\Users\DV.PRASAD\Elara-Cosmetics-E--Commerce-Website-\node_modules\react-dom\cjs\react-dom.development.js:4277:31)
    at beginWork$1 (C:\Users\DV.PRASAD\Elara-Cosmetics-E--Commerce-Website-\node_modules\react-dom\cjs\react-dom.development.js:27490:7)
    at performUnitOfWork (C:\Users\DV.PRASAD\Elara-Cosmetics-E--Commerce-Website-\node_modules\react-dom\cjs\react-dom.development.js:26599:12) Error: useWishlist must be used within a WishlistProvider
    at Module.useWishlist (C:\Users\DV.PRASAD\Elara-Cosmetics-E--Commerce-Website-\src\hooks\use-wishlist.ts:10:11)
    at WishlistPage (C:\Users\DV.PRASAD\Elara-Cosmetics-E--Commerce-Website-\src\pages\WishlistPage.tsx:11:59)
    at renderWithHooks (C:\Users\DV.PRASAD\Elara-Cosmetics-E--Commerce-Website-\node_modules\react-dom\cjs\react-dom.development.js:15486:18)
    at mountIndeterminateComponent (C:\Users\DV.PRASAD\Elara-Cosmetics-E--Commerce-Website-\node_modules\react-dom\cjs\react-dom.development.js:20103:13)
    at beginWork (C:\Users\DV.PRASAD\Elara-Cosmetics-E--Commerce-Website-\node_modules\react-dom\cjs\react-dom.development.js:21626:16)
    at HTMLUnknownElement.callCallback (C:\Users\DV.PRASAD\Elara-Cosmetics-E--Commerce-Website-\node_modules\react-dom\cjs\react-dom.development.js:4164:14)
    at HTMLUnknownElement.callTheUserObjectsOperation (C:\Users\DV.PRASAD\Elara-Cosmetics-E--Commerce-Website-\node_modules\jsdom\lib\jsdom\living\generated\EventListener.js:26:30)
    at innerInvokeEventListeners (C:\Users\DV.PRASAD\Elara-Cosmetics-E--Commerce-Website-\node_modules\jsdom\lib\jsdom\living\events\EventTarget-impl.js:350:25)
    at invokeEventListeners (C:\Users\DV.PRASAD\Elara-Cosmetics-E--Commerce-Website-\node_modules\jsdom\lib\jsdom\living\events\EventTarget-impl.js:286:3)
    at HTMLUnknownElementImpl._dispatch (C:\Users\DV.PRASAD\Elara-Cosmetics-E--Commerce-Website-\node_modules\jsdom\lib\jsdom\living\events\EventTarget-impl.js:233:9)
The above error occurred in the <WishlistPage> component:

    at WishlistPage (C:\Users\DV.PRASAD\Elara-Cosmetics-E--Commerce-Website-\src\pages\WishlistPage.tsx:19:83)
    at Router (C:\Users\DV.PRASAD\Elara-Cosmetics-E--Commerce-Website-\node_modules\react-router\dist\umd\react-router.development.js:1207:17)
    at BrowserRouter (C:\Users\DV.PRASAD\Elara-Cosmetics-E--Commerce-Website-\node_modules\react-router-dom\dist\umd\react-router-dom.development.js:695:7)

Consider adding an error boundary to your tree to customize error handling behavior.
Visit https://reactjs.org/link/error-boundaries to learn more about error boundaries.

stderr | src/test/pages/WishlistPage.test.tsx > WishlistPage Tests > Page Rendering > should display breadcrumbs
Error: Uncaught [Error: useWishlist must be used within a WishlistProvider]
    at reportException (C:\Users\DV.PRASAD\Elara-Cosmetics-E--Commerce-Website-\node_modules\jsdom\lib\jsdom\living\helpers\runtime-script-errors.js:66:24)
    at innerInvokeEventListeners (C:\Users\DV.PRASAD\Elara-Cosmetics-E--Commerce-Website-\node_modules\jsdom\lib\jsdom\living\events\EventTarget-impl.js:353:9)
    at invokeEventListeners (C:\Users\DV.PRASAD\Elara-Cosmetics-E--Commerce-Website-\node_modules\jsdom\lib\jsdom\living\events\EventTarget-impl.js:286:3)
    at HTMLUnknownElementImpl._dispatch (C:\Users\DV.PRASAD\Elara-Cosmetics-E--Commerce-Website-\node_modules\jsdom\lib\jsdom\living\events\EventTarget-impl.js:233:9)
    at HTMLUnknownElementImpl.dispatchEvent (C:\Users\DV.PRASAD\Elara-Cosmetics-E--Commerce-Website-\node_modules\jsdom\lib\jsdom\living\events\EventTarget-impl.js:104:17)
    at HTMLUnknownElement.dispatchEvent (C:\Users\DV.PRASAD\Elara-Cosmetics-E--Commerce-Website-\node_modules\jsdom\lib\jsdom\living\generated\EventTarget.js:241:34)
    at Object.invokeGuardedCallbackDev (C:\Users\DV.PRASAD\Elara-Cosmetics-E--Commerce-Website-\node_modules\react-dom\cjs\react-dom.development.js:4213:16)
    at invokeGuardedCallback (C:\Users\DV.PRASAD\Elara-Cosmetics-E--Commerce-Website-\node_modules\react-dom\cjs\react-dom.development.js:4277:31)
    at beginWork$1 (C:\Users\DV.PRASAD\Elara-Cosmetics-E--Commerce-Website-\node_modules\react-dom\cjs\react-dom.development.js:27490:7)
    at performUnitOfWork (C:\Users\DV.PRASAD\Elara-Cosmetics-E--Commerce-Website-\node_modules\react-dom\cjs\react-dom.development.js:26599:12) Error: useWishlist must be used within a WishlistProvider
    at Module.useWishlist (C:\Users\DV.PRASAD\Elara-Cosmetics-E--Commerce-Website-\src\hooks\use-wishlist.ts:10:11)
    at WishlistPage (C:\Users\DV.PRASAD\Elara-Cosmetics-E--Commerce-Website-\src\pages\WishlistPage.tsx:11:59)
    at renderWithHooks (C:\Users\DV.PRASAD\Elara-Cosmetics-E--Commerce-Website-\node_modules\react-dom\cjs\react-dom.development.js:15486:18)
    at mountIndeterminateComponent (C:\Users\DV.PRASAD\Elara-Cosmetics-E--Commerce-Website-\node_modules\react-dom\cjs\react-dom.development.js:20103:13)
    at beginWork (C:\Users\DV.PRASAD\Elara-Cosmetics-E--Commerce-Website-\node_modules\react-dom\cjs\react-dom.development.js:21626:16)
    at HTMLUnknownElement.callCallback (C:\Users\DV.PRASAD\Elara-Cosmetics-E--Commerce-Website-\node_modules\react-dom\cjs\react-dom.development.js:4164:14)
    at HTMLUnknownElement.callTheUserObjectsOperation (C:\Users\DV.PRASAD\Elara-Cosmetics-E--Commerce-Website-\node_modules\jsdom\lib\jsdom\living\generated\EventListener.js:26:30)
    at innerInvokeEventListeners (C:\Users\DV.PRASAD\Elara-Cosmetics-E--Commerce-Website-\node_modules\jsdom\lib\jsdom\living\events\EventTarget-impl.js:350:25)
    at invokeEventListeners (C:\Users\DV.PRASAD\Elara-Cosmetics-E--Commerce-Website-\node_modules\jsdom\lib\jsdom\living\events\EventTarget-impl.js:286:3)
    at HTMLUnknownElementImpl._dispatch (C:\Users\DV.PRASAD\Elara-Cosmetics-E--Commerce-Website-\node_modules\jsdom\lib\jsdom\living\events\EventTarget-impl.js:233:9)
Error: Uncaught [Error: useWishlist must be used within a WishlistProvider]
    at reportException (C:\Users\DV.PRASAD\Elara-Cosmetics-E--Commerce-Website-\node_modules\jsdom\lib\jsdom\living\helpers\runtime-script-errors.js:66:24)
    at innerInvokeEventListeners (C:\Users\DV.PRASAD\Elara-Cosmetics-E--Commerce-Website-\node_modules\jsdom\lib\jsdom\living\events\EventTarget-impl.js:353:9)
    at invokeEventListeners (C:\Users\DV.PRASAD\Elara-Cosmetics-E--Commerce-Website-\node_modules\jsdom\lib\jsdom\living\events\EventTarget-impl.js:286:3)
    at HTMLUnknownElementImpl._dispatch (C:\Users\DV.PRASAD\Elara-Cosmetics-E--Commerce-Website-\node_modules\jsdom\lib\jsdom\living\events\EventTarget-impl.js:233:9)
    at HTMLUnknownElementImpl.dispatchEvent (C:\Users\DV.PRASAD\Elara-Cosmetics-E--Commerce-Website-\node_modules\jsdom\lib\jsdom\living\events\EventTarget-impl.js:104:17)
    at HTMLUnknownElement.dispatchEvent (C:\Users\DV.PRASAD\Elara-Cosmetics-E--Commerce-Website-\node_modules\jsdom\lib\jsdom\living\generated\EventTarget.js:241:34)
    at Object.invokeGuardedCallbackDev (C:\Users\DV.PRASAD\Elara-Cosmetics-E--Commerce-Website-\node_modules\react-dom\cjs\react-dom.development.js:4213:16)
    at invokeGuardedCallback (C:\Users\DV.PRASAD\Elara-Cosmetics-E--Commerce-Website-\node_modules\react-dom\cjs\react-dom.development.js:4277:31)
    at beginWork$1 (C:\Users\DV.PRASAD\Elara-Cosmetics-E--Commerce-Website-\node_modules\react-dom\cjs\react-dom.development.js:27490:7)
    at performUnitOfWork (C:\Users\DV.PRASAD\Elara-Cosmetics-E--Commerce-Website-\node_modules\react-dom\cjs\react-dom.development.js:26599:12) Error: useWishlist must be used within a WishlistProvider
    at Module.useWishlist (C:\Users\DV.PRASAD\Elara-Cosmetics-E--Commerce-Website-\src\hooks\use-wishlist.ts:10:11)
    at WishlistPage (C:\Users\DV.PRASAD\Elara-Cosmetics-E--Commerce-Website-\src\pages\WishlistPage.tsx:11:59)
    at renderWithHooks (C:\Users\DV.PRASAD\Elara-Cosmetics-E--Commerce-Website-\node_modules\react-dom\cjs\react-dom.development.js:15486:18)
    at mountIndeterminateComponent (C:\Users\DV.PRASAD\Elara-Cosmetics-E--Commerce-Website-\node_modules\react-dom\cjs\react-dom.development.js:20103:13)
    at beginWork (C:\Users\DV.PRASAD\Elara-Cosmetics-E--Commerce-Website-\node_modules\react-dom\cjs\react-dom.development.js:21626:16)
    at HTMLUnknownElement.callCallback (C:\Users\DV.PRASAD\Elara-Cosmetics-E--Commerce-Website-\node_modules\react-dom\cjs\react-dom.development.js:4164:14)
    at HTMLUnknownElement.callTheUserObjectsOperation (C:\Users\DV.PRASAD\Elara-Cosmetics-E--Commerce-Website-\node_modules\jsdom\lib\jsdom\living\generated\EventListener.js:26:30)
    at innerInvokeEventListeners (C:\Users\DV.PRASAD\Elara-Cosmetics-E--Commerce-Website-\node_modules\jsdom\lib\jsdom\living\events\EventTarget-impl.js:350:25)
    at invokeEventListeners (C:\Users\DV.PRASAD\Elara-Cosmetics-E--Commerce-Website-\node_modules\jsdom\lib\jsdom\living\events\EventTarget-impl.js:286:3)
    at HTMLUnknownElementImpl._dispatch (C:\Users\DV.PRASAD\Elara-Cosmetics-E--Commerce-Website-\node_modules\jsdom\lib\jsdom\living\events\EventTarget-impl.js:233:9)
The above error occurred in the <WishlistPage> component:

    at WishlistPage (C:\Users\DV.PRASAD\Elara-Cosmetics-E--Commerce-Website-\src\pages\WishlistPage.tsx:19:83)
    at Router (C:\Users\DV.PRASAD\Elara-Cosmetics-E--Commerce-Website-\node_modules\react-router\dist\umd\react-router.development.js:1207:17)
    at BrowserRouter (C:\Users\DV.PRASAD\Elara-Cosmetics-E--Commerce-Website-\node_modules\react-router-dom\dist\umd\react-router-dom.development.js:695:7)

Consider adding an error boundary to your tree to customize error handling behavior.
Visit https://reactjs.org/link/error-boundaries to learn more about error boundaries.

stderr | src/test/pages/WishlistPage.test.tsx > WishlistPage Tests > Page Rendering > should display page title
Error: Uncaught [Error: useWishlist must be used within a WishlistProvider]
    at reportException (C:\Users\DV.PRASAD\Elara-Cosmetics-E--Commerce-Website-\node_modules\jsdom\lib\jsdom\living\helpers\runtime-script-errors.js:66:24)
    at innerInvokeEventListeners (C:\Users\DV.PRASAD\Elara-Cosmetics-E--Commerce-Website-\node_modules\jsdom\lib\jsdom\living\events\EventTarget-impl.js:353:9)
    at invokeEventListeners (C:\Users\DV.PRASAD\Elara-Cosmetics-E--Commerce-Website-\node_modules\jsdom\lib\jsdom\living\events\EventTarget-impl.js:286:3)
    at HTMLUnknownElementImpl._dispatch (C:\Users\DV.PRASAD\Elara-Cosmetics-E--Commerce-Website-\node_modules\jsdom\lib\jsdom\living\events\EventTarget-impl.js:233:9)
    at HTMLUnknownElementImpl.dispatchEvent (C:\Users\DV.PRASAD\Elara-Cosmetics-E--Commerce-Website-\node_modules\jsdom\lib\jsdom\living\events\EventTarget-impl.js:104:17)
    at HTMLUnknownElement.dispatchEvent (C:\Users\DV.PRASAD\Elara-Cosmetics-E--Commerce-Website-\node_modules\jsdom\lib\jsdom\living\generated\EventTarget.js:241:34)
    at Object.invokeGuardedCallbackDev (C:\Users\DV.PRASAD\Elara-Cosmetics-E--Commerce-Website-\node_modules\react-dom\cjs\react-dom.development.js:4213:16)
    at invokeGuardedCallback (C:\Users\DV.PRASAD\Elara-Cosmetics-E--Commerce-Website-\node_modules\react-dom\cjs\react-dom.development.js:4277:31)
    at beginWork$1 (C:\Users\DV.PRASAD\Elara-Cosmetics-E--Commerce-Website-\node_modules\react-dom\cjs\react-dom.development.js:27490:7)
    at performUnitOfWork (C:\Users\DV.PRASAD\Elara-Cosmetics-E--Commerce-Website-\node_modules\react-dom\cjs\react-dom.development.js:26599:12) Error: useWishlist must be used within a WishlistProvider
    at Module.useWishlist (C:\Users\DV.PRASAD\Elara-Cosmetics-E--Commerce-Website-\src\hooks\use-wishlist.ts:10:11)
    at WishlistPage (C:\Users\DV.PRASAD\Elara-Cosmetics-E--Commerce-Website-\src\pages\WishlistPage.tsx:11:59)
    at renderWithHooks (C:\Users\DV.PRASAD\Elara-Cosmetics-E--Commerce-Website-\node_modules\react-dom\cjs\react-dom.development.js:15486:18)
    at mountIndeterminateComponent (C:\Users\DV.PRASAD\Elara-Cosmetics-E--Commerce-Website-\node_modules\react-dom\cjs\react-dom.development.js:20103:13)
    at beginWork (C:\Users\DV.PRASAD\Elara-Cosmetics-E--Commerce-Website-\node_modules\react-dom\cjs\react-dom.development.js:21626:16)
    at HTMLUnknownElement.callCallback (C:\Users\DV.PRASAD\Elara-Cosmetics-E--Commerce-Website-\node_modules\react-dom\cjs\react-dom.development.js:4164:14)
    at HTMLUnknownElement.callTheUserObjectsOperation (C:\Users\DV.PRASAD\Elara-Cosmetics-E--Commerce-Website-\node_modules\jsdom\lib\jsdom\living\generated\EventListener.js:26:30)
    at innerInvokeEventListeners (C:\Users\DV.PRASAD\Elara-Cosmetics-E--Commerce-Website-\node_modules\jsdom\lib\jsdom\living\events\EventTarget-impl.js:350:25)
    at invokeEventListeners (C:\Users\DV.PRASAD\Elara-Cosmetics-E--Commerce-Website-\node_modules\jsdom\lib\jsdom\living\events\EventTarget-impl.js:286:3)
    at HTMLUnknownElementImpl._dispatch (C:\Users\DV.PRASAD\Elara-Cosmetics-E--Commerce-Website-\node_modules\jsdom\lib\jsdom\living\events\EventTarget-impl.js:233:9)
Error: Uncaught [Error: useWishlist must be used within a WishlistProvider]
    at reportException (C:\Users\DV.PRASAD\Elara-Cosmetics-E--Commerce-Website-\node_modules\jsdom\lib\jsdom\living\helpers\runtime-script-errors.js:66:24)
    at innerInvokeEventListeners (C:\Users\DV.PRASAD\Elara-Cosmetics-E--Commerce-Website-\node_modules\jsdom\lib\jsdom\living\events\EventTarget-impl.js:353:9)
    at invokeEventListeners (C:\Users\DV.PRASAD\Elara-Cosmetics-E--Commerce-Website-\node_modules\jsdom\lib\jsdom\living\events\EventTarget-impl.js:286:3)
    at HTMLUnknownElementImpl._dispatch (C:\Users\DV.PRASAD\Elara-Cosmetics-E--Commerce-Website-\node_modules\jsdom\lib\jsdom\living\events\EventTarget-impl.js:233:9)
    at HTMLUnknownElementImpl.dispatchEvent (C:\Users\DV.PRASAD\Elara-Cosmetics-E--Commerce-Website-\node_modules\jsdom\lib\jsdom\living\events\EventTarget-impl.js:104:17)
    at HTMLUnknownElement.dispatchEvent (C:\Users\DV.PRASAD\Elara-Cosmetics-E--Commerce-Website-\node_modules\jsdom\lib\jsdom\living\generated\EventTarget.js:241:34)
    at Object.invokeGuardedCallbackDev (C:\Users\DV.PRASAD\Elara-Cosmetics-E--Commerce-Website-\node_modules\react-dom\cjs\react-dom.development.js:4213:16)
    at invokeGuardedCallback (C:\Users\DV.PRASAD\Elara-Cosmetics-E--Commerce-Website-\node_modules\react-dom\cjs\react-dom.development.js:4277:31)
    at beginWork$1 (C:\Users\DV.PRASAD\Elara-Cosmetics-E--Commerce-Website-\node_modules\react-dom\cjs\react-dom.development.js:27490:7)
    at performUnitOfWork (C:\Users\DV.PRASAD\Elara-Cosmetics-E--Commerce-Website-\node_modules\react-dom\cjs\react-dom.development.js:26599:12) Error: useWishlist must be used within a WishlistProvider
    at Module.useWishlist (C:\Users\DV.PRASAD\Elara-Cosmetics-E--Commerce-Website-\src\hooks\use-wishlist.ts:10:11)
    at WishlistPage (C:\Users\DV.PRASAD\Elara-Cosmetics-E--Commerce-Website-\src\pages\WishlistPage.tsx:11:59)
    at renderWithHooks (C:\Users\DV.PRASAD\Elara-Cosmetics-E--Commerce-Website-\node_modules\react-dom\cjs\react-dom.development.js:15486:18)
    at mountIndeterminateComponent (C:\Users\DV.PRASAD\Elara-Cosmetics-E--Commerce-Website-\node_modules\react-dom\cjs\react-dom.development.js:20103:13)
    at beginWork (C:\Users\DV.PRASAD\Elara-Cosmetics-E--Commerce-Website-\node_modules\react-dom\cjs\react-dom.development.js:21626:16)
    at HTMLUnknownElement.callCallback (C:\Users\DV.PRASAD\Elara-Cosmetics-E--Commerce-Website-\node_modules\react-dom\cjs\react-dom.development.js:4164:14)
    at HTMLUnknownElement.callTheUserObjectsOperation (C:\Users\DV.PRASAD\Elara-Cosmetics-E--Commerce-Website-\node_modules\jsdom\lib\jsdom\living\generated\EventListener.js:26:30)
    at innerInvokeEventListeners (C:\Users\DV.PRASAD\Elara-Cosmetics-E--Commerce-Website-\node_modules\jsdom\lib\jsdom\living\events\EventTarget-impl.js:350:25)
    at invokeEventListeners (C:\Users\DV.PRASAD\Elara-Cosmetics-E--Commerce-Website-\node_modules\jsdom\lib\jsdom\living\events\EventTarget-impl.js:286:3)
    at HTMLUnknownElementImpl._dispatch (C:\Users\DV.PRASAD\Elara-Cosmetics-E--Commerce-Website-\node_modules\jsdom\lib\jsdom\living\events\EventTarget-impl.js:233:9)
The above error occurred in the <WishlistPage> component:

    at WishlistPage (C:\Users\DV.PRASAD\Elara-Cosmetics-E--Commerce-Website-\src\pages\WishlistPage.tsx:19:83)
    at Router (C:\Users\DV.PRASAD\Elara-Cosmetics-E--Commerce-Website-\node_modules\react-router\dist\umd\react-router.development.js:1207:17)
    at BrowserRouter (C:\Users\DV.PRASAD\Elara-Cosmetics-E--Commerce-Website-\node_modules\react-router-dom\dist\umd\react-router-dom.development.js:695:7)

Consider adding an error boundary to your tree to customize error handling behavior.
Visit https://reactjs.org/link/error-boundaries to learn more about error boundaries.

stderr | src/test/pages/WishlistPage.test.tsx > WishlistPage Tests > Wishlist Items Display > should display all wishlist items
Error: Uncaught [Error: useWishlist must be used within a WishlistProvider]
    at reportException (C:\Users\DV.PRASAD\Elara-Cosmetics-E--Commerce-Website-\node_modules\jsdom\lib\jsdom\living\helpers\runtime-script-errors.js:66:24)
    at innerInvokeEventListeners (C:\Users\DV.PRASAD\Elara-Cosmetics-E--Commerce-Website-\node_modules\jsdom\lib\jsdom\living\events\EventTarget-impl.js:353:9)
    at invokeEventListeners (C:\Users\DV.PRASAD\Elara-Cosmetics-E--Commerce-Website-\node_modules\jsdom\lib\jsdom\living\events\EventTarget-impl.js:286:3)
    at HTMLUnknownElementImpl._dispatch (C:\Users\DV.PRASAD\Elara-Cosmetics-E--Commerce-Website-\node_modules\jsdom\lib\jsdom\living\events\EventTarget-impl.js:233:9)
    at HTMLUnknownElementImpl.dispatchEvent (C:\Users\DV.PRASAD\Elara-Cosmetics-E--Commerce-Website-\node_modules\jsdom\lib\jsdom\living\events\EventTarget-impl.js:104:17)
    at HTMLUnknownElement.dispatchEvent (C:\Users\DV.PRASAD\Elara-Cosmetics-E--Commerce-Website-\node_modules\jsdom\lib\jsdom\living\generated\EventTarget.js:241:34)
    at Object.invokeGuardedCallbackDev (C:\Users\DV.PRASAD\Elara-Cosmetics-E--Commerce-Website-\node_modules\react-dom\cjs\react-dom.development.js:4213:16)
    at invokeGuardedCallback (C:\Users\DV.PRASAD\Elara-Cosmetics-E--Commerce-Website-\node_modules\react-dom\cjs\react-dom.development.js:4277:31)
    at beginWork$1 (C:\Users\DV.PRASAD\Elara-Cosmetics-E--Commerce-Website-\node_modules\react-dom\cjs\react-dom.development.js:27490:7)
    at performUnitOfWork (C:\Users\DV.PRASAD\Elara-Cosmetics-E--Commerce-Website-\node_modules\react-dom\cjs\react-dom.development.js:26599:12) Error: useWishlist must be used within a WishlistProvider
    at Module.useWishlist (C:\Users\DV.PRASAD\Elara-Cosmetics-E--Commerce-Website-\src\hooks\use-wishlist.ts:10:11)
    at WishlistPage (C:\Users\DV.PRASAD\Elara-Cosmetics-E--Commerce-Website-\src\pages\WishlistPage.tsx:11:59)
    at renderWithHooks (C:\Users\DV.PRASAD\Elara-Cosmetics-E--Commerce-Website-\node_modules\react-dom\cjs\react-dom.development.js:15486:18)
    at mountIndeterminateComponent (C:\Users\DV.PRASAD\Elara-Cosmetics-E--Commerce-Website-\node_modules\react-dom\cjs\react-dom.development.js:20103:13)
    at beginWork (C:\Users\DV.PRASAD\Elara-Cosmetics-E--Commerce-Website-\node_modules\react-dom\cjs\react-dom.development.js:21626:16)
    at HTMLUnknownElement.callCallback (C:\Users\DV.PRASAD\Elara-Cosmetics-E--Commerce-Website-\node_modules\react-dom\cjs\react-dom.development.js:4164:14)
    at HTMLUnknownElement.callTheUserObjectsOperation (C:\Users\DV.PRASAD\Elara-Cosmetics-E--Commerce-Website-\node_modules\jsdom\lib\jsdom\living\generated\EventListener.js:26:30)
    at innerInvokeEventListeners (C:\Users\DV.PRASAD\Elara-Cosmetics-E--Commerce-Website-\node_modules\jsdom\lib\jsdom\living\events\EventTarget-impl.js:350:25)
    at invokeEventListeners (C:\Users\DV.PRASAD\Elara-Cosmetics-E--Commerce-Website-\node_modules\jsdom\lib\jsdom\living\events\EventTarget-impl.js:286:3)
    at HTMLUnknownElementImpl._dispatch (C:\Users\DV.PRASAD\Elara-Cosmetics-E--Commerce-Website-\node_modules\jsdom\lib\jsdom\living\events\EventTarget-impl.js:233:9)
Error: Uncaught [Error: useWishlist must be used within a WishlistProvider]
    at reportException (C:\Users\DV.PRASAD\Elara-Cosmetics-E--Commerce-Website-\node_modules\jsdom\lib\jsdom\living\helpers\runtime-script-errors.js:66:24)
    at innerInvokeEventListeners (C:\Users\DV.PRASAD\Elara-Cosmetics-E--Commerce-Website-\node_modules\jsdom\lib\jsdom\living\events\EventTarget-impl.js:353:9)
    at invokeEventListeners (C:\Users\DV.PRASAD\Elara-Cosmetics-E--Commerce-Website-\node_modules\jsdom\lib\jsdom\living\events\EventTarget-impl.js:286:3)
    at HTMLUnknownElementImpl._dispatch (C:\Users\DV.PRASAD\Elara-Cosmetics-E--Commerce-Website-\node_modules\jsdom\lib\jsdom\living\events\EventTarget-impl.js:233:9)
    at HTMLUnknownElementImpl.dispatchEvent (C:\Users\DV.PRASAD\Elara-Cosmetics-E--Commerce-Website-\node_modules\jsdom\lib\jsdom\living\events\EventTarget-impl.js:104:17)
    at HTMLUnknownElement.dispatchEvent (C:\Users\DV.PRASAD\Elara-Cosmetics-E--Commerce-Website-\node_modules\jsdom\lib\jsdom\living\generated\EventTarget.js:241:34)
    at Object.invokeGuardedCallbackDev (C:\Users\DV.PRASAD\Elara-Cosmetics-E--Commerce-Website-\node_modules\react-dom\cjs\react-dom.development.js:4213:16)
    at invokeGuardedCallback (C:\Users\DV.PRASAD\Elara-Cosmetics-E--Commerce-Website-\node_modules\react-dom\cjs\react-dom.development.js:4277:31)
    at beginWork$1 (C:\Users\DV.PRASAD\Elara-Cosmetics-E--Commerce-Website-\node_modules\react-dom\cjs\react-dom.development.js:27490:7)
    at performUnitOfWork (C:\Users\DV.PRASAD\Elara-Cosmetics-E--Commerce-Website-\node_modules\react-dom\cjs\react-dom.development.js:26599:12) Error: useWishlist must be used within a WishlistProvider
    at Module.useWishlist (C:\Users\DV.PRASAD\Elara-Cosmetics-E--Commerce-Website-\src\hooks\use-wishlist.ts:10:11)
    at WishlistPage (C:\Users\DV.PRASAD\Elara-Cosmetics-E--Commerce-Website-\src\pages\WishlistPage.tsx:11:59)
    at renderWithHooks (C:\Users\DV.PRASAD\Elara-Cosmetics-E--Commerce-Website-\node_modules\react-dom\cjs\react-dom.development.js:15486:18)
    at mountIndeterminateComponent (C:\Users\DV.PRASAD\Elara-Cosmetics-E--Commerce-Website-\node_modules\react-dom\cjs\react-dom.development.js:20103:13)
    at beginWork (C:\Users\DV.PRASAD\Elara-Cosmetics-E--Commerce-Website-\node_modules\react-dom\cjs\react-dom.development.js:21626:16)
    at HTMLUnknownElement.callCallback (C:\Users\DV.PRASAD\Elara-Cosmetics-E--Commerce-Website-\node_modules\react-dom\cjs\react-dom.development.js:4164:14)
    at HTMLUnknownElement.callTheUserObjectsOperation (C:\Users\DV.PRASAD\Elara-Cosmetics-E--Commerce-Website-\node_modules\jsdom\lib\jsdom\living\generated\EventListener.js:26:30)
    at innerInvokeEventListeners (C:\Users\DV.PRASAD\Elara-Cosmetics-E--Commerce-Website-\node_modules\jsdom\lib\jsdom\living\events\EventTarget-impl.js:350:25)
    at invokeEventListeners (C:\Users\DV.PRASAD\Elara-Cosmetics-E--Commerce-Website-\node_modules\jsdom\lib\jsdom\living\events\EventTarget-impl.js:286:3)
    at HTMLUnknownElementImpl._dispatch (C:\Users\DV.PRASAD\Elara-Cosmetics-E--Commerce-Website-\node_modules\jsdom\lib\jsdom\living\events\EventTarget-impl.js:233:9)
The above error occurred in the <WishlistPage> component:

    at WishlistPage (C:\Users\DV.PRASAD\Elara-Cosmetics-E--Commerce-Website-\src\pages\WishlistPage.tsx:19:83)
    at Router (C:\Users\DV.PRASAD\Elara-Cosmetics-E--Commerce-Website-\node_modules\react-router\dist\umd\react-router.development.js:1207:17)
    at BrowserRouter (C:\Users\DV.PRASAD\Elara-Cosmetics-E--Commerce-Website-\node_modules\react-router-dom\dist\umd\react-router-dom.development.js:695:7)

Consider adding an error boundary to your tree to customize error handling behavior.
Visit https://reactjs.org/link/error-boundaries to learn more about error boundaries.

stderr | src/test/pages/WishlistPage.test.tsx > WishlistPage Tests > Wishlist Items Display > should display product images
Error: Uncaught [Error: useWishlist must be used within a WishlistProvider]
    at reportException (C:\Users\DV.PRASAD\Elara-Cosmetics-E--Commerce-Website-\node_modules\jsdom\lib\jsdom\living\helpers\runtime-script-errors.js:66:24)
    at innerInvokeEventListeners (C:\Users\DV.PRASAD\Elara-Cosmetics-E--Commerce-Website-\node_modules\jsdom\lib\jsdom\living\events\EventTarget-impl.js:353:9)
    at invokeEventListeners (C:\Users\DV.PRASAD\Elara-Cosmetics-E--Commerce-Website-\node_modules\jsdom\lib\jsdom\living\events\EventTarget-impl.js:286:3)
    at HTMLUnknownElementImpl._dispatch (C:\Users\DV.PRASAD\Elara-Cosmetics-E--Commerce-Website-\node_modules\jsdom\lib\jsdom\living\events\EventTarget-impl.js:233:9)
    at HTMLUnknownElementImpl.dispatchEvent (C:\Users\DV.PRASAD\Elara-Cosmetics-E--Commerce-Website-\node_modules\jsdom\lib\jsdom\living\events\EventTarget-impl.js:104:17)
    at HTMLUnknownElement.dispatchEvent (C:\Users\DV.PRASAD\Elara-Cosmetics-E--Commerce-Website-\node_modules\jsdom\lib\jsdom\living\generated\EventTarget.js:241:34)
    at Object.invokeGuardedCallbackDev (C:\Users\DV.PRASAD\Elara-Cosmetics-E--Commerce-Website-\node_modules\react-dom\cjs\react-dom.development.js:4213:16)
    at invokeGuardedCallback (C:\Users\DV.PRASAD\Elara-Cosmetics-E--Commerce-Website-\node_modules\react-dom\cjs\react-dom.development.js:4277:31)
    at beginWork$1 (C:\Users\DV.PRASAD\Elara-Cosmetics-E--Commerce-Website-\node_modules\react-dom\cjs\react-dom.development.js:27490:7)
    at performUnitOfWork (C:\Users\DV.PRASAD\Elara-Cosmetics-E--Commerce-Website-\node_modules\react-dom\cjs\react-dom.development.js:26599:12) Error: useWishlist must be used within a WishlistProvider
    at Module.useWishlist (C:\Users\DV.PRASAD\Elara-Cosmetics-E--Commerce-Website-\src\hooks\use-wishlist.ts:10:11)
    at WishlistPage (C:\Users\DV.PRASAD\Elara-Cosmetics-E--Commerce-Website-\src\pages\WishlistPage.tsx:11:59)
    at renderWithHooks (C:\Users\DV.PRASAD\Elara-Cosmetics-E--Commerce-Website-\node_modules\react-dom\cjs\react-dom.development.js:15486:18)
    at mountIndeterminateComponent (C:\Users\DV.PRASAD\Elara-Cosmetics-E--Commerce-Website-\node_modules\react-dom\cjs\react-dom.development.js:20103:13)
    at beginWork (C:\Users\DV.PRASAD\Elara-Cosmetics-E--Commerce-Website-\node_modules\react-dom\cjs\react-dom.development.js:21626:16)
    at HTMLUnknownElement.callCallback (C:\Users\DV.PRASAD\Elara-Cosmetics-E--Commerce-Website-\node_modules\react-dom\cjs\react-dom.development.js:4164:14)
    at HTMLUnknownElement.callTheUserObjectsOperation (C:\Users\DV.PRASAD\Elara-Cosmetics-E--Commerce-Website-\node_modules\jsdom\lib\jsdom\living\generated\EventListener.js:26:30)
    at innerInvokeEventListeners (C:\Users\DV.PRASAD\Elara-Cosmetics-E--Commerce-Website-\node_modules\jsdom\lib\jsdom\living\events\EventTarget-impl.js:350:25)
    at invokeEventListeners (C:\Users\DV.PRASAD\Elara-Cosmetics-E--Commerce-Website-\node_modules\jsdom\lib\jsdom\living\events\EventTarget-impl.js:286:3)
    at HTMLUnknownElementImpl._dispatch (C:\Users\DV.PRASAD\Elara-Cosmetics-E--Commerce-Website-\node_modules\jsdom\lib\jsdom\living\events\EventTarget-impl.js:233:9)
Error: Uncaught [Error: useWishlist must be used within a WishlistProvider]
    at reportException (C:\Users\DV.PRASAD\Elara-Cosmetics-E--Commerce-Website-\node_modules\jsdom\lib\jsdom\living\helpers\runtime-script-errors.js:66:24)
    at innerInvokeEventListeners (C:\Users\DV.PRASAD\Elara-Cosmetics-E--Commerce-Website-\node_modules\jsdom\lib\jsdom\living\events\EventTarget-impl.js:353:9)
    at invokeEventListeners (C:\Users\DV.PRASAD\Elara-Cosmetics-E--Commerce-Website-\node_modules\jsdom\lib\jsdom\living\events\EventTarget-impl.js:286:3)
    at HTMLUnknownElementImpl._dispatch (C:\Users\DV.PRASAD\Elara-Cosmetics-E--Commerce-Website-\node_modules\jsdom\lib\jsdom\living\events\EventTarget-impl.js:233:9)
    at HTMLUnknownElementImpl.dispatchEvent (C:\Users\DV.PRASAD\Elara-Cosmetics-E--Commerce-Website-\node_modules\jsdom\lib\jsdom\living\events\EventTarget-impl.js:104:17)
    at HTMLUnknownElement.dispatchEvent (C:\Users\DV.PRASAD\Elara-Cosmetics-E--Commerce-Website-\node_modules\jsdom\lib\jsdom\living\generated\EventTarget.js:241:34)
    at Object.invokeGuardedCallbackDev (C:\Users\DV.PRASAD\Elara-Cosmetics-E--Commerce-Website-\node_modules\react-dom\cjs\react-dom.development.js:4213:16)
    at invokeGuardedCallback (C:\Users\DV.PRASAD\Elara-Cosmetics-E--Commerce-Website-\node_modules\react-dom\cjs\react-dom.development.js:4277:31)
    at beginWork$1 (C:\Users\DV.PRASAD\Elara-Cosmetics-E--Commerce-Website-\node_modules\react-dom\cjs\react-dom.development.js:27490:7)
    at performUnitOfWork (C:\Users\DV.PRASAD\Elara-Cosmetics-E--Commerce-Website-\node_modules\react-dom\cjs\react-dom.development.js:26599:12) Error: useWishlist must be used within a WishlistProvider
    at Module.useWishlist (C:\Users\DV.PRASAD\Elara-Cosmetics-E--Commerce-Website-\src\hooks\use-wishlist.ts:10:11)
    at WishlistPage (C:\Users\DV.PRASAD\Elara-Cosmetics-E--Commerce-Website-\src\pages\WishlistPage.tsx:11:59)
    at renderWithHooks (C:\Users\DV.PRASAD\Elara-Cosmetics-E--Commerce-Website-\node_modules\react-dom\cjs\react-dom.development.js:15486:18)
    at mountIndeterminateComponent (C:\Users\DV.PRASAD\Elara-Cosmetics-E--Commerce-Website-\node_modules\react-dom\cjs\react-dom.development.js:20103:13)
    at beginWork (C:\Users\DV.PRASAD\Elara-Cosmetics-E--Commerce-Website-\node_modules\react-dom\cjs\react-dom.development.js:21626:16)
    at HTMLUnknownElement.callCallback (C:\Users\DV.PRASAD\Elara-Cosmetics-E--Commerce-Website-\node_modules\react-dom\cjs\react-dom.development.js:4164:14)
    at HTMLUnknownElement.callTheUserObjectsOperation (C:\Users\DV.PRASAD\Elara-Cosmetics-E--Commerce-Website-\node_modules\jsdom\lib\jsdom\living\generated\EventListener.js:26:30)
    at innerInvokeEventListeners (C:\Users\DV.PRASAD\Elara-Cosmetics-E--Commerce-Website-\node_modules\jsdom\lib\jsdom\living\events\EventTarget-impl.js:350:25)
    at invokeEventListeners (C:\Users\DV.PRASAD\Elara-Cosmetics-E--Commerce-Website-\node_modules\jsdom\lib\jsdom\living\events\EventTarget-impl.js:286:3)
    at HTMLUnknownElementImpl._dispatch (C:\Users\DV.PRASAD\Elara-Cosmetics-E--Commerce-Website-\node_modules\jsdom\lib\jsdom\living\events\EventTarget-impl.js:233:9)
The above error occurred in the <WishlistPage> component:

    at WishlistPage (C:\Users\DV.PRASAD\Elara-Cosmetics-E--Commerce-Website-\src\pages\WishlistPage.tsx:19:83)
    at Router (C:\Users\DV.PRASAD\Elara-Cosmetics-E--Commerce-Website-\node_modules\react-router\dist\umd\react-router.development.js:1207:17)
    at BrowserRouter (C:\Users\DV.PRASAD\Elara-Cosmetics-E--Commerce-Website-\node_modules\react-router-dom\dist\umd\react-router-dom.development.js:695:7)

Consider adding an error boundary to your tree to customize error handling behavior.
Visit https://reactjs.org/link/error-boundaries to learn more about error boundaries.

stderr | src/test/pages/WishlistPage.test.tsx > WishlistPage Tests > Wishlist Items Display > should display product prices
Error: Uncaught [Error: useWishlist must be used within a WishlistProvider]
    at reportException (C:\Users\DV.PRASAD\Elara-Cosmetics-E--Commerce-Website-\node_modules\jsdom\lib\jsdom\living\helpers\runtime-script-errors.js:66:24)
    at innerInvokeEventListeners (C:\Users\DV.PRASAD\Elara-Cosmetics-E--Commerce-Website-\node_modules\jsdom\lib\jsdom\living\events\EventTarget-impl.js:353:9)
    at invokeEventListeners (C:\Users\DV.PRASAD\Elara-Cosmetics-E--Commerce-Website-\node_modules\jsdom\lib\jsdom\living\events\EventTarget-impl.js:286:3)
    at HTMLUnknownElementImpl._dispatch (C:\Users\DV.PRASAD\Elara-Cosmetics-E--Commerce-Website-\node_modules\jsdom\lib\jsdom\living\events\EventTarget-impl.js:233:9)
    at HTMLUnknownElementImpl.dispatchEvent (C:\Users\DV.PRASAD\Elara-Cosmetics-E--Commerce-Website-\node_modules\jsdom\lib\jsdom\living\events\EventTarget-impl.js:104:17)
    at HTMLUnknownElement.dispatchEvent (C:\Users\DV.PRASAD\Elara-Cosmetics-E--Commerce-Website-\node_modules\jsdom\lib\jsdom\living\generated\EventTarget.js:241:34)
    at Object.invokeGuardedCallbackDev (C:\Users\DV.PRASAD\Elara-Cosmetics-E--Commerce-Website-\node_modules\react-dom\cjs\react-dom.development.js:4213:16)
    at invokeGuardedCallback (C:\Users\DV.PRASAD\Elara-Cosmetics-E--Commerce-Website-\node_modules\react-dom\cjs\react-dom.development.js:4277:31)
    at beginWork$1 (C:\Users\DV.PRASAD\Elara-Cosmetics-E--Commerce-Website-\node_modules\react-dom\cjs\react-dom.development.js:27490:7)
    at performUnitOfWork (C:\Users\DV.PRASAD\Elara-Cosmetics-E--Commerce-Website-\node_modules\react-dom\cjs\react-dom.development.js:26599:12) Error: useWishlist must be used within a WishlistProvider
    at Module.useWishlist (C:\Users\DV.PRASAD\Elara-Cosmetics-E--Commerce-Website-\src\hooks\use-wishlist.ts:10:11)
    at WishlistPage (C:\Users\DV.PRASAD\Elara-Cosmetics-E--Commerce-Website-\src\pages\WishlistPage.tsx:11:59)
    at renderWithHooks (C:\Users\DV.PRASAD\Elara-Cosmetics-E--Commerce-Website-\node_modules\react-dom\cjs\react-dom.development.js:15486:18)
    at mountIndeterminateComponent (C:\Users\DV.PRASAD\Elara-Cosmetics-E--Commerce-Website-\node_modules\react-dom\cjs\react-dom.development.js:20103:13)
    at beginWork (C:\Users\DV.PRASAD\Elara-Cosmetics-E--Commerce-Website-\node_modules\react-dom\cjs\react-dom.development.js:21626:16)
    at HTMLUnknownElement.callCallback (C:\Users\DV.PRASAD\Elara-Cosmetics-E--Commerce-Website-\node_modules\react-dom\cjs\react-dom.development.js:4164:14)
    at HTMLUnknownElement.callTheUserObjectsOperation (C:\Users\DV.PRASAD\Elara-Cosmetics-E--Commerce-Website-\node_modules\jsdom\lib\jsdom\living\generated\EventListener.js:26:30)
    at innerInvokeEventListeners (C:\Users\DV.PRASAD\Elara-Cosmetics-E--Commerce-Website-\node_modules\jsdom\lib\jsdom\living\events\EventTarget-impl.js:350:25)
    at invokeEventListeners (C:\Users\DV.PRASAD\Elara-Cosmetics-E--Commerce-Website-\node_modules\jsdom\lib\jsdom\living\events\EventTarget-impl.js:286:3)
    at HTMLUnknownElementImpl._dispatch (C:\Users\DV.PRASAD\Elara-Cosmetics-E--Commerce-Website-\node_modules\jsdom\lib\jsdom\living\events\EventTarget-impl.js:233:9)
Error: Uncaught [Error: useWishlist must be used within a WishlistProvider]
    at reportException (C:\Users\DV.PRASAD\Elara-Cosmetics-E--Commerce-Website-\node_modules\jsdom\lib\jsdom\living\helpers\runtime-script-errors.js:66:24)
    at innerInvokeEventListeners (C:\Users\DV.PRASAD\Elara-Cosmetics-E--Commerce-Website-\node_modules\jsdom\lib\jsdom\living\events\EventTarget-impl.js:353:9)
    at invokeEventListeners (C:\Users\DV.PRASAD\Elara-Cosmetics-E--Commerce-Website-\node_modules\jsdom\lib\jsdom\living\events\EventTarget-impl.js:286:3)
    at HTMLUnknownElementImpl._dispatch (C:\Users\DV.PRASAD\Elara-Cosmetics-E--Commerce-Website-\node_modules\jsdom\lib\jsdom\living\events\EventTarget-impl.js:233:9)
    at HTMLUnknownElementImpl.dispatchEvent (C:\Users\DV.PRASAD\Elara-Cosmetics-E--Commerce-Website-\node_modules\jsdom\lib\jsdom\living\events\EventTarget-impl.js:104:17)
    at HTMLUnknownElement.dispatchEvent (C:\Users\DV.PRASAD\Elara-Cosmetics-E--Commerce-Website-\node_modules\jsdom\lib\jsdom\living\generated\EventTarget.js:241:34)
    at Object.invokeGuardedCallbackDev (C:\Users\DV.PRASAD\Elara-Cosmetics-E--Commerce-Website-\node_modules\react-dom\cjs\react-dom.development.js:4213:16)
    at invokeGuardedCallback (C:\Users\DV.PRASAD\Elara-Cosmetics-E--Commerce-Website-\node_modules\react-dom\cjs\react-dom.development.js:4277:31)
    at beginWork$1 (C:\Users\DV.PRASAD\Elara-Cosmetics-E--Commerce-Website-\node_modules\react-dom\cjs\react-dom.development.js:27490:7)
    at performUnitOfWork (C:\Users\DV.PRASAD\Elara-Cosmetics-E--Commerce-Website-\node_modules\react-dom\cjs\react-dom.development.js:26599:12) Error: useWishlist must be used within a WishlistProvider
    at Module.useWishlist (C:\Users\DV.PRASAD\Elara-Cosmetics-E--Commerce-Website-\src\hooks\use-wishlist.ts:10:11)
    at WishlistPage (C:\Users\DV.PRASAD\Elara-Cosmetics-E--Commerce-Website-\src\pages\WishlistPage.tsx:11:59)
    at renderWithHooks (C:\Users\DV.PRASAD\Elara-Cosmetics-E--Commerce-Website-\node_modules\react-dom\cjs\react-dom.development.js:15486:18)
    at mountIndeterminateComponent (C:\Users\DV.PRASAD\Elara-Cosmetics-E--Commerce-Website-\node_modules\react-dom\cjs\react-dom.development.js:20103:13)
    at beginWork (C:\Users\DV.PRASAD\Elara-Cosmetics-E--Commerce-Website-\node_modules\react-dom\cjs\react-dom.development.js:21626:16)
    at HTMLUnknownElement.callCallback (C:\Users\DV.PRASAD\Elara-Cosmetics-E--Commerce-Website-\node_modules\react-dom\cjs\react-dom.development.js:4164:14)
    at HTMLUnknownElement.callTheUserObjectsOperation (C:\Users\DV.PRASAD\Elara-Cosmetics-E--Commerce-Website-\node_modules\jsdom\lib\jsdom\living\generated\EventListener.js:26:30)
    at innerInvokeEventListeners (C:\Users\DV.PRASAD\Elara-Cosmetics-E--Commerce-Website-\node_modules\jsdom\lib\jsdom\living\events\EventTarget-impl.js:350:25)
    at invokeEventListeners (C:\Users\DV.PRASAD\Elara-Cosmetics-E--Commerce-Website-\node_modules\jsdom\lib\jsdom\living\events\EventTarget-impl.js:286:3)
    at HTMLUnknownElementImpl._dispatch (C:\Users\DV.PRASAD\Elara-Cosmetics-E--Commerce-Website-\node_modules\jsdom\lib\jsdom\living\events\EventTarget-impl.js:233:9)
The above error occurred in the <WishlistPage> component:

    at WishlistPage (C:\Users\DV.PRASAD\Elara-Cosmetics-E--Commerce-Website-\src\pages\WishlistPage.tsx:19:83)
    at Router (C:\Users\DV.PRASAD\Elara-Cosmetics-E--Commerce-Website-\node_modules\react-router\dist\umd\react-router.development.js:1207:17)
    at BrowserRouter (C:\Users\DV.PRASAD\Elara-Cosmetics-E--Commerce-Website-\node_modules\react-router-dom\dist\umd\react-router-dom.development.js:695:7)

Consider adding an error boundary to your tree to customize error handling behavior.
Visit https://reactjs.org/link/error-boundaries to learn more about error boundaries.

stderr | src/test/pages/WishlistPage.test.tsx > WishlistPage Tests > Wishlist Items Display > should display original prices if available
Error: Uncaught [Error: useWishlist must be used within a WishlistProvider]
    at reportException (C:\Users\DV.PRASAD\Elara-Cosmetics-E--Commerce-Website-\node_modules\jsdom\lib\jsdom\living\helpers\runtime-script-errors.js:66:24)
    at innerInvokeEventListeners (C:\Users\DV.PRASAD\Elara-Cosmetics-E--Commerce-Website-\node_modules\jsdom\lib\jsdom\living\events\EventTarget-impl.js:353:9)
    at invokeEventListeners (C:\Users\DV.PRASAD\Elara-Cosmetics-E--Commerce-Website-\node_modules\jsdom\lib\jsdom\living\events\EventTarget-impl.js:286:3)
    at HTMLUnknownElementImpl._dispatch (C:\Users\DV.PRASAD\Elara-Cosmetics-E--Commerce-Website-\node_modules\jsdom\lib\jsdom\living\events\EventTarget-impl.js:233:9)
    at HTMLUnknownElementImpl.dispatchEvent (C:\Users\DV.PRASAD\Elara-Cosmetics-E--Commerce-Website-\node_modules\jsdom\lib\jsdom\living\events\EventTarget-impl.js:104:17)
    at HTMLUnknownElement.dispatchEvent (C:\Users\DV.PRASAD\Elara-Cosmetics-E--Commerce-Website-\node_modules\jsdom\lib\jsdom\living\generated\EventTarget.js:241:34)
    at Object.invokeGuardedCallbackDev (C:\Users\DV.PRASAD\Elara-Cosmetics-E--Commerce-Website-\node_modules\react-dom\cjs\react-dom.development.js:4213:16)
    at invokeGuardedCallback (C:\Users\DV.PRASAD\Elara-Cosmetics-E--Commerce-Website-\node_modules\react-dom\cjs\react-dom.development.js:4277:31)
    at beginWork$1 (C:\Users\DV.PRASAD\Elara-Cosmetics-E--Commerce-Website-\node_modules\react-dom\cjs\react-dom.development.js:27490:7)
    at performUnitOfWork (C:\Users\DV.PRASAD\Elara-Cosmetics-E--Commerce-Website-\node_modules\react-dom\cjs\react-dom.development.js:26599:12) Error: useWishlist must be used within a WishlistProvider
    at Module.useWishlist (C:\Users\DV.PRASAD\Elara-Cosmetics-E--Commerce-Website-\src\hooks\use-wishlist.ts:10:11)
    at WishlistPage (C:\Users\DV.PRASAD\Elara-Cosmetics-E--Commerce-Website-\src\pages\WishlistPage.tsx:11:59)
    at renderWithHooks (C:\Users\DV.PRASAD\Elara-Cosmetics-E--Commerce-Website-\node_modules\react-dom\cjs\react-dom.development.js:15486:18)
    at mountIndeterminateComponent (C:\Users\DV.PRASAD\Elara-Cosmetics-E--Commerce-Website-\node_modules\react-dom\cjs\react-dom.development.js:20103:13)
    at beginWork (C:\Users\DV.PRASAD\Elara-Cosmetics-E--Commerce-Website-\node_modules\react-dom\cjs\react-dom.development.js:21626:16)
    at HTMLUnknownElement.callCallback (C:\Users\DV.PRASAD\Elara-Cosmetics-E--Commerce-Website-\node_modules\react-dom\cjs\react-dom.development.js:4164:14)
    at HTMLUnknownElement.callTheUserObjectsOperation (C:\Users\DV.PRASAD\Elara-Cosmetics-E--Commerce-Website-\node_modules\jsdom\lib\jsdom\living\generated\EventListener.js:26:30)
    at innerInvokeEventListeners (C:\Users\DV.PRASAD\Elara-Cosmetics-E--Commerce-Website-\node_modules\jsdom\lib\jsdom\living\events\EventTarget-impl.js:350:25)
    at invokeEventListeners (C:\Users\DV.PRASAD\Elara-Cosmetics-E--Commerce-Website-\node_modules\jsdom\lib\jsdom\living\events\EventTarget-impl.js:286:3)
    at HTMLUnknownElementImpl._dispatch (C:\Users\DV.PRASAD\Elara-Cosmetics-E--Commerce-Website-\node_modules\jsdom\lib\jsdom\living\events\EventTarget-impl.js:233:9)
Error: Uncaught [Error: useWishlist must be used within a WishlistProvider]
    at reportException (C:\Users\DV.PRASAD\Elara-Cosmetics-E--Commerce-Website-\node_modules\jsdom\lib\jsdom\living\helpers\runtime-script-errors.js:66:24)
    at innerInvokeEventListeners (C:\Users\DV.PRASAD\Elara-Cosmetics-E--Commerce-Website-\node_modules\jsdom\lib\jsdom\living\events\EventTarget-impl.js:353:9)
    at invokeEventListeners (C:\Users\DV.PRASAD\Elara-Cosmetics-E--Commerce-Website-\node_modules\jsdom\lib\jsdom\living\events\EventTarget-impl.js:286:3)
    at HTMLUnknownElementImpl._dispatch (C:\Users\DV.PRASAD\Elara-Cosmetics-E--Commerce-Website-\node_modules\jsdom\lib\jsdom\living\events\EventTarget-impl.js:233:9)
    at HTMLUnknownElementImpl.dispatchEvent (C:\Users\DV.PRASAD\Elara-Cosmetics-E--Commerce-Website-\node_modules\jsdom\lib\jsdom\living\events\EventTarget-impl.js:104:17)
    at HTMLUnknownElement.dispatchEvent (C:\Users\DV.PRASAD\Elara-Cosmetics-E--Commerce-Website-\node_modules\jsdom\lib\jsdom\living\generated\EventTarget.js:241:34)
    at Object.invokeGuardedCallbackDev (C:\Users\DV.PRASAD\Elara-Cosmetics-E--Commerce-Website-\node_modules\react-dom\cjs\react-dom.development.js:4213:16)
    at invokeGuardedCallback (C:\Users\DV.PRASAD\Elara-Cosmetics-E--Commerce-Website-\node_modules\react-dom\cjs\react-dom.development.js:4277:31)
    at beginWork$1 (C:\Users\DV.PRASAD\Elara-Cosmetics-E--Commerce-Website-\node_modules\react-dom\cjs\react-dom.development.js:27490:7)
    at performUnitOfWork (C:\Users\DV.PRASAD\Elara-Cosmetics-E--Commerce-Website-\node_modules\react-dom\cjs\react-dom.development.js:26599:12) Error: useWishlist must be used within a WishlistProvider
    at Module.useWishlist (C:\Users\DV.PRASAD\Elara-Cosmetics-E--Commerce-Website-\src\hooks\use-wishlist.ts:10:11)
    at WishlistPage (C:\Users\DV.PRASAD\Elara-Cosmetics-E--Commerce-Website-\src\pages\WishlistPage.tsx:11:59)
    at renderWithHooks (C:\Users\DV.PRASAD\Elara-Cosmetics-E--Commerce-Website-\node_modules\react-dom\cjs\react-dom.development.js:15486:18)
    at mountIndeterminateComponent (C:\Users\DV.PRASAD\Elara-Cosmetics-E--Commerce-Website-\node_modules\react-dom\cjs\react-dom.development.js:20103:13)
    at beginWork (C:\Users\DV.PRASAD\Elara-Cosmetics-E--Commerce-Website-\node_modules\react-dom\cjs\react-dom.development.js:21626:16)
    at HTMLUnknownElement.callCallback (C:\Users\DV.PRASAD\Elara-Cosmetics-E--Commerce-Website-\node_modules\react-dom\cjs\react-dom.development.js:4164:14)
    at HTMLUnknownElement.callTheUserObjectsOperation (C:\Users\DV.PRASAD\Elara-Cosmetics-E--Commerce-Website-\node_modules\jsdom\lib\jsdom\living\generated\EventListener.js:26:30)
    at innerInvokeEventListeners (C:\Users\DV.PRASAD\Elara-Cosmetics-E--Commerce-Website-\node_modules\jsdom\lib\jsdom\living\events\EventTarget-impl.js:350:25)
    at invokeEventListeners (C:\Users\DV.PRASAD\Elara-Cosmetics-E--Commerce-Website-\node_modules\jsdom\lib\jsdom\living\events\EventTarget-impl.js:286:3)
    at HTMLUnknownElementImpl._dispatch (C:\Users\DV.PRASAD\Elara-Cosmetics-E--Commerce-Website-\node_modules\jsdom\lib\jsdom\living\events\EventTarget-impl.js:233:9)
The above error occurred in the <WishlistPage> component:

    at WishlistPage (C:\Users\DV.PRASAD\Elara-Cosmetics-E--Commerce-Website-\src\pages\WishlistPage.tsx:19:83)
    at Router (C:\Users\DV.PRASAD\Elara-Cosmetics-E--Commerce-Website-\node_modules\react-router\dist\umd\react-router.development.js:1207:17)
    at BrowserRouter (C:\Users\DV.PRASAD\Elara-Cosmetics-E--Commerce-Website-\node_modules\react-router-dom\dist\umd\react-router-dom.development.js:695:7)

Consider adding an error boundary to your tree to customize error handling behavior.
Visit https://reactjs.org/link/error-boundaries to learn more about error boundaries.

stderr | src/test/pages/WishlistPage.test.tsx > WishlistPage Tests > Wishlist Actions > should have remove button for each item
Error: Uncaught [Error: useWishlist must be used within a WishlistProvider]
    at reportException (C:\Users\DV.PRASAD\Elara-Cosmetics-E--Commerce-Website-\node_modules\jsdom\lib\jsdom\living\helpers\runtime-script-errors.js:66:24)
    at innerInvokeEventListeners (C:\Users\DV.PRASAD\Elara-Cosmetics-E--Commerce-Website-\node_modules\jsdom\lib\jsdom\living\events\EventTarget-impl.js:353:9)
    at invokeEventListeners (C:\Users\DV.PRASAD\Elara-Cosmetics-E--Commerce-Website-\node_modules\jsdom\lib\jsdom\living\events\EventTarget-impl.js:286:3)
    at HTMLUnknownElementImpl._dispatch (C:\Users\DV.PRASAD\Elara-Cosmetics-E--Commerce-Website-\node_modules\jsdom\lib\jsdom\living\events\EventTarget-impl.js:233:9)
    at HTMLUnknownElementImpl.dispatchEvent (C:\Users\DV.PRASAD\Elara-Cosmetics-E--Commerce-Website-\node_modules\jsdom\lib\jsdom\living\events\EventTarget-impl.js:104:17)
    at HTMLUnknownElement.dispatchEvent (C:\Users\DV.PRASAD\Elara-Cosmetics-E--Commerce-Website-\node_modules\jsdom\lib\jsdom\living\generated\EventTarget.js:241:34)
    at Object.invokeGuardedCallbackDev (C:\Users\DV.PRASAD\Elara-Cosmetics-E--Commerce-Website-\node_modules\react-dom\cjs\react-dom.development.js:4213:16)
    at invokeGuardedCallback (C:\Users\DV.PRASAD\Elara-Cosmetics-E--Commerce-Website-\node_modules\react-dom\cjs\react-dom.development.js:4277:31)
    at beginWork$1 (C:\Users\DV.PRASAD\Elara-Cosmetics-E--Commerce-Website-\node_modules\react-dom\cjs\react-dom.development.js:27490:7)
    at performUnitOfWork (C:\Users\DV.PRASAD\Elara-Cosmetics-E--Commerce-Website-\node_modules\react-dom\cjs\react-dom.development.js:26599:12) Error: useWishlist must be used within a WishlistProvider
    at Module.useWishlist (C:\Users\DV.PRASAD\Elara-Cosmetics-E--Commerce-Website-\src\hooks\use-wishlist.ts:10:11)
    at WishlistPage (C:\Users\DV.PRASAD\Elara-Cosmetics-E--Commerce-Website-\src\pages\WishlistPage.tsx:11:59)
    at renderWithHooks (C:\Users\DV.PRASAD\Elara-Cosmetics-E--Commerce-Website-\node_modules\react-dom\cjs\react-dom.development.js:15486:18)
    at mountIndeterminateComponent (C:\Users\DV.PRASAD\Elara-Cosmetics-E--Commerce-Website-\node_modules\react-dom\cjs\react-dom.development.js:20103:13)
    at beginWork (C:\Users\DV.PRASAD\Elara-Cosmetics-E--Commerce-Website-\node_modules\react-dom\cjs\react-dom.development.js:21626:16)
    at HTMLUnknownElement.callCallback (C:\Users\DV.PRASAD\Elara-Cosmetics-E--Commerce-Website-\node_modules\react-dom\cjs\react-dom.development.js:4164:14)
    at HTMLUnknownElement.callTheUserObjectsOperation (C:\Users\DV.PRASAD\Elara-Cosmetics-E--Commerce-Website-\node_modules\jsdom\lib\jsdom\living\generated\EventListener.js:26:30)
    at innerInvokeEventListeners (C:\Users\DV.PRASAD\Elara-Cosmetics-E--Commerce-Website-\node_modules\jsdom\lib\jsdom\living\events\EventTarget-impl.js:350:25)
    at invokeEventListeners (C:\Users\DV.PRASAD\Elara-Cosmetics-E--Commerce-Website-\node_modules\jsdom\lib\jsdom\living\events\EventTarget-impl.js:286:3)
    at HTMLUnknownElementImpl._dispatch (C:\Users\DV.PRASAD\Elara-Cosmetics-E--Commerce-Website-\node_modules\jsdom\lib\jsdom\living\events\EventTarget-impl.js:233:9)
Error: Uncaught [Error: useWishlist must be used within a WishlistProvider]
    at reportException (C:\Users\DV.PRASAD\Elara-Cosmetics-E--Commerce-Website-\node_modules\jsdom\lib\jsdom\living\helpers\runtime-script-errors.js:66:24)
    at innerInvokeEventListeners (C:\Users\DV.PRASAD\Elara-Cosmetics-E--Commerce-Website-\node_modules\jsdom\lib\jsdom\living\events\EventTarget-impl.js:353:9)
    at invokeEventListeners (C:\Users\DV.PRASAD\Elara-Cosmetics-E--Commerce-Website-\node_modules\jsdom\lib\jsdom\living\events\EventTarget-impl.js:286:3)
    at HTMLUnknownElementImpl._dispatch (C:\Users\DV.PRASAD\Elara-Cosmetics-E--Commerce-Website-\node_modules\jsdom\lib\jsdom\living\events\EventTarget-impl.js:233:9)
    at HTMLUnknownElementImpl.dispatchEvent (C:\Users\DV.PRASAD\Elara-Cosmetics-E--Commerce-Website-\node_modules\jsdom\lib\jsdom\living\events\EventTarget-impl.js:104:17)
    at HTMLUnknownElement.dispatchEvent (C:\Users\DV.PRASAD\Elara-Cosmetics-E--Commerce-Website-\node_modules\jsdom\lib\jsdom\living\generated\EventTarget.js:241:34)
    at Object.invokeGuardedCallbackDev (C:\Users\DV.PRASAD\Elara-Cosmetics-E--Commerce-Website-\node_modules\react-dom\cjs\react-dom.development.js:4213:16)
    at invokeGuardedCallback (C:\Users\DV.PRASAD\Elara-Cosmetics-E--Commerce-Website-\node_modules\react-dom\cjs\react-dom.development.js:4277:31)
    at beginWork$1 (C:\Users\DV.PRASAD\Elara-Cosmetics-E--Commerce-Website-\node_modules\react-dom\cjs\react-dom.development.js:27490:7)
    at performUnitOfWork (C:\Users\DV.PRASAD\Elara-Cosmetics-E--Commerce-Website-\node_modules\react-dom\cjs\react-dom.development.js:26599:12) Error: useWishlist must be used within a WishlistProvider
    at Module.useWishlist (C:\Users\DV.PRASAD\Elara-Cosmetics-E--Commerce-Website-\src\hooks\use-wishlist.ts:10:11)
    at WishlistPage (C:\Users\DV.PRASAD\Elara-Cosmetics-E--Commerce-Website-\src\pages\WishlistPage.tsx:11:59)
    at renderWithHooks (C:\Users\DV.PRASAD\Elara-Cosmetics-E--Commerce-Website-\node_modules\react-dom\cjs\react-dom.development.js:15486:18)
    at mountIndeterminateComponent (C:\Users\DV.PRASAD\Elara-Cosmetics-E--Commerce-Website-\node_modules\react-dom\cjs\react-dom.development.js:20103:13)
    at beginWork (C:\Users\DV.PRASAD\Elara-Cosmetics-E--Commerce-Website-\node_modules\react-dom\cjs\react-dom.development.js:21626:16)
    at HTMLUnknownElement.callCallback (C:\Users\DV.PRASAD\Elara-Cosmetics-E--Commerce-Website-\node_modules\react-dom\cjs\react-dom.development.js:4164:14)
    at HTMLUnknownElement.callTheUserObjectsOperation (C:\Users\DV.PRASAD\Elara-Cosmetics-E--Commerce-Website-\node_modules\jsdom\lib\jsdom\living\generated\EventListener.js:26:30)
    at innerInvokeEventListeners (C:\Users\DV.PRASAD\Elara-Cosmetics-E--Commerce-Website-\node_modules\jsdom\lib\jsdom\living\events\EventTarget-impl.js:350:25)
    at invokeEventListeners (C:\Users\DV.PRASAD\Elara-Cosmetics-E--Commerce-Website-\node_modules\jsdom\lib\jsdom\living\events\EventTarget-impl.js:286:3)
    at HTMLUnknownElementImpl._dispatch (C:\Users\DV.PRASAD\Elara-Cosmetics-E--Commerce-Website-\node_modules\jsdom\lib\jsdom\living\events\EventTarget-impl.js:233:9)
The above error occurred in the <WishlistPage> component:

    at WishlistPage (C:\Users\DV.PRASAD\Elara-Cosmetics-E--Commerce-Website-\src\pages\WishlistPage.tsx:19:83)
    at Router (C:\Users\DV.PRASAD\Elara-Cosmetics-E--Commerce-Website-\node_modules\react-router\dist\umd\react-router.development.js:1207:17)
    at BrowserRouter (C:\Users\DV.PRASAD\Elara-Cosmetics-E--Commerce-Website-\node_modules\react-router-dom\dist\umd\react-router-dom.development.js:695:7)

Consider adding an error boundary to your tree to customize error handling behavior.
Visit https://reactjs.org/link/error-boundaries to learn more about error boundaries.

stderr | src/test/pages/WishlistPage.test.tsx > WishlistPage Tests > Wishlist Actions > should have add to cart button for each item
Error: Uncaught [Error: useWishlist must be used within a WishlistProvider]
    at reportException (C:\Users\DV.PRASAD\Elara-Cosmetics-E--Commerce-Website-\node_modules\jsdom\lib\jsdom\living\helpers\runtime-script-errors.js:66:24)
    at innerInvokeEventListeners (C:\Users\DV.PRASAD\Elara-Cosmetics-E--Commerce-Website-\node_modules\jsdom\lib\jsdom\living\events\EventTarget-impl.js:353:9)
    at invokeEventListeners (C:\Users\DV.PRASAD\Elara-Cosmetics-E--Commerce-Website-\node_modules\jsdom\lib\jsdom\living\events\EventTarget-impl.js:286:3)
    at HTMLUnknownElementImpl._dispatch (C:\Users\DV.PRASAD\Elara-Cosmetics-E--Commerce-Website-\node_modules\jsdom\lib\jsdom\living\events\EventTarget-impl.js:233:9)
    at HTMLUnknownElementImpl.dispatchEvent (C:\Users\DV.PRASAD\Elara-Cosmetics-E--Commerce-Website-\node_modules\jsdom\lib\jsdom\living\events\EventTarget-impl.js:104:17)
    at HTMLUnknownElement.dispatchEvent (C:\Users\DV.PRASAD\Elara-Cosmetics-E--Commerce-Website-\node_modules\jsdom\lib\jsdom\living\generated\EventTarget.js:241:34)
    at Object.invokeGuardedCallbackDev (C:\Users\DV.PRASAD\Elara-Cosmetics-E--Commerce-Website-\node_modules\react-dom\cjs\react-dom.development.js:4213:16)
    at invokeGuardedCallback (C:\Users\DV.PRASAD\Elara-Cosmetics-E--Commerce-Website-\node_modules\react-dom\cjs\react-dom.development.js:4277:31)
    at beginWork$1 (C:\Users\DV.PRASAD\Elara-Cosmetics-E--Commerce-Website-\node_modules\react-dom\cjs\react-dom.development.js:27490:7)
    at performUnitOfWork (C:\Users\DV.PRASAD\Elara-Cosmetics-E--Commerce-Website-\node_modules\react-dom\cjs\react-dom.development.js:26599:12) Error: useWishlist must be used within a WishlistProvider
    at Module.useWishlist (C:\Users\DV.PRASAD\Elara-Cosmetics-E--Commerce-Website-\src\hooks\use-wishlist.ts:10:11)
    at WishlistPage (C:\Users\DV.PRASAD\Elara-Cosmetics-E--Commerce-Website-\src\pages\WishlistPage.tsx:11:59)
    at renderWithHooks (C:\Users\DV.PRASAD\Elara-Cosmetics-E--Commerce-Website-\node_modules\react-dom\cjs\react-dom.development.js:15486:18)
    at mountIndeterminateComponent (C:\Users\DV.PRASAD\Elara-Cosmetics-E--Commerce-Website-\node_modules\react-dom\cjs\react-dom.development.js:20103:13)
    at beginWork (C:\Users\DV.PRASAD\Elara-Cosmetics-E--Commerce-Website-\node_modules\react-dom\cjs\react-dom.development.js:21626:16)
    at HTMLUnknownElement.callCallback (C:\Users\DV.PRASAD\Elara-Cosmetics-E--Commerce-Website-\node_modules\react-dom\cjs\react-dom.development.js:4164:14)
    at HTMLUnknownElement.callTheUserObjectsOperation (C:\Users\DV.PRASAD\Elara-Cosmetics-E--Commerce-Website-\node_modules\jsdom\lib\jsdom\living\generated\EventListener.js:26:30)
    at innerInvokeEventListeners (C:\Users\DV.PRASAD\Elara-Cosmetics-E--Commerce-Website-\node_modules\jsdom\lib\jsdom\living\events\EventTarget-impl.js:350:25)
    at invokeEventListeners (C:\Users\DV.PRASAD\Elara-Cosmetics-E--Commerce-Website-\node_modules\jsdom\lib\jsdom\living\events\EventTarget-impl.js:286:3)
    at HTMLUnknownElementImpl._dispatch (C:\Users\DV.PRASAD\Elara-Cosmetics-E--Commerce-Website-\node_modules\jsdom\lib\jsdom\living\events\EventTarget-impl.js:233:9)
Error: Uncaught [Error: useWishlist must be used within a WishlistProvider]
    at reportException (C:\Users\DV.PRASAD\Elara-Cosmetics-E--Commerce-Website-\node_modules\jsdom\lib\jsdom\living\helpers\runtime-script-errors.js:66:24)
    at innerInvokeEventListeners (C:\Users\DV.PRASAD\Elara-Cosmetics-E--Commerce-Website-\node_modules\jsdom\lib\jsdom\living\events\EventTarget-impl.js:353:9)
    at invokeEventListeners (C:\Users\DV.PRASAD\Elara-Cosmetics-E--Commerce-Website-\node_modules\jsdom\lib\jsdom\living\events\EventTarget-impl.js:286:3)
    at HTMLUnknownElementImpl._dispatch (C:\Users\DV.PRASAD\Elara-Cosmetics-E--Commerce-Website-\node_modules\jsdom\lib\jsdom\living\events\EventTarget-impl.js:233:9)
    at HTMLUnknownElementImpl.dispatchEvent (C:\Users\DV.PRASAD\Elara-Cosmetics-E--Commerce-Website-\node_modules\jsdom\lib\jsdom\living\events\EventTarget-impl.js:104:17)
    at HTMLUnknownElement.dispatchEvent (C:\Users\DV.PRASAD\Elara-Cosmetics-E--Commerce-Website-\node_modules\jsdom\lib\jsdom\living\generated\EventTarget.js:241:34)
    at Object.invokeGuardedCallbackDev (C:\Users\DV.PRASAD\Elara-Cosmetics-E--Commerce-Website-\node_modules\react-dom\cjs\react-dom.development.js:4213:16)
    at invokeGuardedCallback (C:\Users\DV.PRASAD\Elara-Cosmetics-E--Commerce-Website-\node_modules\react-dom\cjs\react-dom.development.js:4277:31)
    at beginWork$1 (C:\Users\DV.PRASAD\Elara-Cosmetics-E--Commerce-Website-\node_modules\react-dom\cjs\react-dom.development.js:27490:7)
    at performUnitOfWork (C:\Users\DV.PRASAD\Elara-Cosmetics-E--Commerce-Website-\node_modules\react-dom\cjs\react-dom.development.js:26599:12) Error: useWishlist must be used within a WishlistProvider
    at Module.useWishlist (C:\Users\DV.PRASAD\Elara-Cosmetics-E--Commerce-Website-\src\hooks\use-wishlist.ts:10:11)
    at WishlistPage (C:\Users\DV.PRASAD\Elara-Cosmetics-E--Commerce-Website-\src\pages\WishlistPage.tsx:11:59)
    at renderWithHooks (C:\Users\DV.PRASAD\Elara-Cosmetics-E--Commerce-Website-\node_modules\react-dom\cjs\react-dom.development.js:15486:18)
    at mountIndeterminateComponent (C:\Users\DV.PRASAD\Elara-Cosmetics-E--Commerce-Website-\node_modules\react-dom\cjs\react-dom.development.js:20103:13)
    at beginWork (C:\Users\DV.PRASAD\Elara-Cosmetics-E--Commerce-Website-\node_modules\react-dom\cjs\react-dom.development.js:21626:16)
    at HTMLUnknownElement.callCallback (C:\Users\DV.PRASAD\Elara-Cosmetics-E--Commerce-Website-\node_modules\react-dom\cjs\react-dom.development.js:4164:14)
    at HTMLUnknownElement.callTheUserObjectsOperation (C:\Users\DV.PRASAD\Elara-Cosmetics-E--Commerce-Website-\node_modules\jsdom\lib\jsdom\living\generated\EventListener.js:26:30)
    at innerInvokeEventListeners (C:\Users\DV.PRASAD\Elara-Cosmetics-E--Commerce-Website-\node_modules\jsdom\lib\jsdom\living\events\EventTarget-impl.js:350:25)
    at invokeEventListeners (C:\Users\DV.PRASAD\Elara-Cosmetics-E--Commerce-Website-\node_modules\jsdom\lib\jsdom\living\events\EventTarget-impl.js:286:3)
    at HTMLUnknownElementImpl._dispatch (C:\Users\DV.PRASAD\Elara-Cosmetics-E--Commerce-Website-\node_modules\jsdom\lib\jsdom\living\events\EventTarget-impl.js:233:9)
The above error occurred in the <WishlistPage> component:

    at WishlistPage (C:\Users\DV.PRASAD\Elara-Cosmetics-E--Commerce-Website-\src\pages\WishlistPage.tsx:19:83)
    at Router (C:\Users\DV.PRASAD\Elara-Cosmetics-E--Commerce-Website-\node_modules\react-router\dist\umd\react-router.development.js:1207:17)
    at BrowserRouter (C:\Users\DV.PRASAD\Elara-Cosmetics-E--Commerce-Website-\node_modules\react-router-dom\dist\umd\react-router-dom.development.js:695:7)

Consider adding an error boundary to your tree to customize error handling behavior.
Visit https://reactjs.org/link/error-boundaries to learn more about error boundaries.

stderr | src/test/pages/WishlistPage.test.tsx > WishlistPage Tests > Wishlist Actions > should call addItem when add to cart clicked
Error: Uncaught [Error: useWishlist must be used within a WishlistProvider]
    at reportException (C:\Users\DV.PRASAD\Elara-Cosmetics-E--Commerce-Website-\node_modules\jsdom\lib\jsdom\living\helpers\runtime-script-errors.js:66:24)
    at innerInvokeEventListeners (C:\Users\DV.PRASAD\Elara-Cosmetics-E--Commerce-Website-\node_modules\jsdom\lib\jsdom\living\events\EventTarget-impl.js:353:9)
    at invokeEventListeners (C:\Users\DV.PRASAD\Elara-Cosmetics-E--Commerce-Website-\node_modules\jsdom\lib\jsdom\living\events\EventTarget-impl.js:286:3)
    at HTMLUnknownElementImpl._dispatch (C:\Users\DV.PRASAD\Elara-Cosmetics-E--Commerce-Website-\node_modules\jsdom\lib\jsdom\living\events\EventTarget-impl.js:233:9)
    at HTMLUnknownElementImpl.dispatchEvent (C:\Users\DV.PRASAD\Elara-Cosmetics-E--Commerce-Website-\node_modules\jsdom\lib\jsdom\living\events\EventTarget-impl.js:104:17)
    at HTMLUnknownElement.dispatchEvent (C:\Users\DV.PRASAD\Elara-Cosmetics-E--Commerce-Website-\node_modules\jsdom\lib\jsdom\living\generated\EventTarget.js:241:34)
    at Object.invokeGuardedCallbackDev (C:\Users\DV.PRASAD\Elara-Cosmetics-E--Commerce-Website-\node_modules\react-dom\cjs\react-dom.development.js:4213:16)
    at invokeGuardedCallback (C:\Users\DV.PRASAD\Elara-Cosmetics-E--Commerce-Website-\node_modules\react-dom\cjs\react-dom.development.js:4277:31)
    at beginWork$1 (C:\Users\DV.PRASAD\Elara-Cosmetics-E--Commerce-Website-\node_modules\react-dom\cjs\react-dom.development.js:27490:7)
    at performUnitOfWork (C:\Users\DV.PRASAD\Elara-Cosmetics-E--Commerce-Website-\node_modules\react-dom\cjs\react-dom.development.js:26599:12) Error: useWishlist must be used within a WishlistProvider
    at Module.useWishlist (C:\Users\DV.PRASAD\Elara-Cosmetics-E--Commerce-Website-\src\hooks\use-wishlist.ts:10:11)
    at WishlistPage (C:\Users\DV.PRASAD\Elara-Cosmetics-E--Commerce-Website-\src\pages\WishlistPage.tsx:11:59)
    at renderWithHooks (C:\Users\DV.PRASAD\Elara-Cosmetics-E--Commerce-Website-\node_modules\react-dom\cjs\react-dom.development.js:15486:18)
    at mountIndeterminateComponent (C:\Users\DV.PRASAD\Elara-Cosmetics-E--Commerce-Website-\node_modules\react-dom\cjs\react-dom.development.js:20103:13)
    at beginWork (C:\Users\DV.PRASAD\Elara-Cosmetics-E--Commerce-Website-\node_modules\react-dom\cjs\react-dom.development.js:21626:16)
    at HTMLUnknownElement.callCallback (C:\Users\DV.PRASAD\Elara-Cosmetics-E--Commerce-Website-\node_modules\react-dom\cjs\react-dom.development.js:4164:14)
    at HTMLUnknownElement.callTheUserObjectsOperation (C:\Users\DV.PRASAD\Elara-Cosmetics-E--Commerce-Website-\node_modules\jsdom\lib\jsdom\living\generated\EventListener.js:26:30)
    at innerInvokeEventListeners (C:\Users\DV.PRASAD\Elara-Cosmetics-E--Commerce-Website-\node_modules\jsdom\lib\jsdom\living\events\EventTarget-impl.js:350:25)
    at invokeEventListeners (C:\Users\DV.PRASAD\Elara-Cosmetics-E--Commerce-Website-\node_modules\jsdom\lib\jsdom\living\events\EventTarget-impl.js:286:3)
    at HTMLUnknownElementImpl._dispatch (C:\Users\DV.PRASAD\Elara-Cosmetics-E--Commerce-Website-\node_modules\jsdom\lib\jsdom\living\events\EventTarget-impl.js:233:9)
Error: Uncaught [Error: useWishlist must be used within a WishlistProvider]
    at reportException (C:\Users\DV.PRASAD\Elara-Cosmetics-E--Commerce-Website-\node_modules\jsdom\lib\jsdom\living\helpers\runtime-script-errors.js:66:24)
    at innerInvokeEventListeners (C:\Users\DV.PRASAD\Elara-Cosmetics-E--Commerce-Website-\node_modules\jsdom\lib\jsdom\living\events\EventTarget-impl.js:353:9)
    at invokeEventListeners (C:\Users\DV.PRASAD\Elara-Cosmetics-E--Commerce-Website-\node_modules\jsdom\lib\jsdom\living\events\EventTarget-impl.js:286:3)
    at HTMLUnknownElementImpl._dispatch (C:\Users\DV.PRASAD\Elara-Cosmetics-E--Commerce-Website-\node_modules\jsdom\lib\jsdom\living\events\EventTarget-impl.js:233:9)
    at HTMLUnknownElementImpl.dispatchEvent (C:\Users\DV.PRASAD\Elara-Cosmetics-E--Commerce-Website-\node_modules\jsdom\lib\jsdom\living\events\EventTarget-impl.js:104:17)
    at HTMLUnknownElement.dispatchEvent (C:\Users\DV.PRASAD\Elara-Cosmetics-E--Commerce-Website-\node_modules\jsdom\lib\jsdom\living\generated\EventTarget.js:241:34)
    at Object.invokeGuardedCallbackDev (C:\Users\DV.PRASAD\Elara-Cosmetics-E--Commerce-Website-\node_modules\react-dom\cjs\react-dom.development.js:4213:16)
    at invokeGuardedCallback (C:\Users\DV.PRASAD\Elara-Cosmetics-E--Commerce-Website-\node_modules\react-dom\cjs\react-dom.development.js:4277:31)
    at beginWork$1 (C:\Users\DV.PRASAD\Elara-Cosmetics-E--Commerce-Website-\node_modules\react-dom\cjs\react-dom.development.js:27490:7)
    at performUnitOfWork (C:\Users\DV.PRASAD\Elara-Cosmetics-E--Commerce-Website-\node_modules\react-dom\cjs\react-dom.development.js:26599:12) Error: useWishlist must be used within a WishlistProvider
    at Module.useWishlist (C:\Users\DV.PRASAD\Elara-Cosmetics-E--Commerce-Website-\src\hooks\use-wishlist.ts:10:11)
    at WishlistPage (C:\Users\DV.PRASAD\Elara-Cosmetics-E--Commerce-Website-\src\pages\WishlistPage.tsx:11:59)
    at renderWithHooks (C:\Users\DV.PRASAD\Elara-Cosmetics-E--Commerce-Website-\node_modules\react-dom\cjs\react-dom.development.js:15486:18)
    at mountIndeterminateComponent (C:\Users\DV.PRASAD\Elara-Cosmetics-E--Commerce-Website-\node_modules\react-dom\cjs\react-dom.development.js:20103:13)
    at beginWork (C:\Users\DV.PRASAD\Elara-Cosmetics-E--Commerce-Website-\node_modules\react-dom\cjs\react-dom.development.js:21626:16)
    at HTMLUnknownElement.callCallback (C:\Users\DV.PRASAD\Elara-Cosmetics-E--Commerce-Website-\node_modules\react-dom\cjs\react-dom.development.js:4164:14)
    at HTMLUnknownElement.callTheUserObjectsOperation (C:\Users\DV.PRASAD\Elara-Cosmetics-E--Commerce-Website-\node_modules\jsdom\lib\jsdom\living\generated\EventListener.js:26:30)
    at innerInvokeEventListeners (C:\Users\DV.PRASAD\Elara-Cosmetics-E--Commerce-Website-\node_modules\jsdom\lib\jsdom\living\events\EventTarget-impl.js:350:25)
    at invokeEventListeners (C:\Users\DV.PRASAD\Elara-Cosmetics-E--Commerce-Website-\node_modules\jsdom\lib\jsdom\living\events\EventTarget-impl.js:286:3)
    at HTMLUnknownElementImpl._dispatch (C:\Users\DV.PRASAD\Elara-Cosmetics-E--Commerce-Website-\node_modules\jsdom\lib\jsdom\living\events\EventTarget-impl.js:233:9)
The above error occurred in the <WishlistPage> component:

    at WishlistPage (C:\Users\DV.PRASAD\Elara-Cosmetics-E--Commerce-Website-\src\pages\WishlistPage.tsx:19:83)
    at Router (C:\Users\DV.PRASAD\Elara-Cosmetics-E--Commerce-Website-\node_modules\react-router\dist\umd\react-router.development.js:1207:17)
    at BrowserRouter (C:\Users\DV.PRASAD\Elara-Cosmetics-E--Commerce-Website-\node_modules\react-router-dom\dist\umd\react-router-dom.development.js:695:7)

Consider adding an error boundary to your tree to customize error handling behavior.
Visit https://reactjs.org/link/error-boundaries to learn more about error boundaries.

stderr | src/test/pages/WishlistPage.test.tsx > WishlistPage Tests > Empty Wishlist State > should display empty message when wishlist is empty
Error: Uncaught [Error: useWishlist must be used within a WishlistProvider]
    at reportException (C:\Users\DV.PRASAD\Elara-Cosmetics-E--Commerce-Website-\node_modules\jsdom\lib\jsdom\living\helpers\runtime-script-errors.js:66:24)
    at innerInvokeEventListeners (C:\Users\DV.PRASAD\Elara-Cosmetics-E--Commerce-Website-\node_modules\jsdom\lib\jsdom\living\events\EventTarget-impl.js:353:9)
    at invokeEventListeners (C:\Users\DV.PRASAD\Elara-Cosmetics-E--Commerce-Website-\node_modules\jsdom\lib\jsdom\living\events\EventTarget-impl.js:286:3)
    at HTMLUnknownElementImpl._dispatch (C:\Users\DV.PRASAD\Elara-Cosmetics-E--Commerce-Website-\node_modules\jsdom\lib\jsdom\living\events\EventTarget-impl.js:233:9)
    at HTMLUnknownElementImpl.dispatchEvent (C:\Users\DV.PRASAD\Elara-Cosmetics-E--Commerce-Website-\node_modules\jsdom\lib\jsdom\living\events\EventTarget-impl.js:104:17)
    at HTMLUnknownElement.dispatchEvent (C:\Users\DV.PRASAD\Elara-Cosmetics-E--Commerce-Website-\node_modules\jsdom\lib\jsdom\living\generated\EventTarget.js:241:34)
    at Object.invokeGuardedCallbackDev (C:\Users\DV.PRASAD\Elara-Cosmetics-E--Commerce-Website-\node_modules\react-dom\cjs\react-dom.development.js:4213:16)
    at invokeGuardedCallback (C:\Users\DV.PRASAD\Elara-Cosmetics-E--Commerce-Website-\node_modules\react-dom\cjs\react-dom.development.js:4277:31)
    at beginWork$1 (C:\Users\DV.PRASAD\Elara-Cosmetics-E--Commerce-Website-\node_modules\react-dom\cjs\react-dom.development.js:27490:7)
    at performUnitOfWork (C:\Users\DV.PRASAD\Elara-Cosmetics-E--Commerce-Website-\node_modules\react-dom\cjs\react-dom.development.js:26599:12) Error: useWishlist must be used within a WishlistProvider
    at Module.useWishlist (C:\Users\DV.PRASAD\Elara-Cosmetics-E--Commerce-Website-\src\hooks\use-wishlist.ts:10:11)
    at WishlistPage (C:\Users\DV.PRASAD\Elara-Cosmetics-E--Commerce-Website-\src\pages\WishlistPage.tsx:11:59)
    at renderWithHooks (C:\Users\DV.PRASAD\Elara-Cosmetics-E--Commerce-Website-\node_modules\react-dom\cjs\react-dom.development.js:15486:18)
    at mountIndeterminateComponent (C:\Users\DV.PRASAD\Elara-Cosmetics-E--Commerce-Website-\node_modules\react-dom\cjs\react-dom.development.js:20103:13)
    at beginWork (C:\Users\DV.PRASAD\Elara-Cosmetics-E--Commerce-Website-\node_modules\react-dom\cjs\react-dom.development.js:21626:16)
    at HTMLUnknownElement.callCallback (C:\Users\DV.PRASAD\Elara-Cosmetics-E--Commerce-Website-\node_modules\react-dom\cjs\react-dom.development.js:4164:14)
    at HTMLUnknownElement.callTheUserObjectsOperation (C:\Users\DV.PRASAD\Elara-Cosmetics-E--Commerce-Website-\node_modules\jsdom\lib\jsdom\living\generated\EventListener.js:26:30)
    at innerInvokeEventListeners (C:\Users\DV.PRASAD\Elara-Cosmetics-E--Commerce-Website-\node_modules\jsdom\lib\jsdom\living\events\EventTarget-impl.js:350:25)
    at invokeEventListeners (C:\Users\DV.PRASAD\Elara-Cosmetics-E--Commerce-Website-\node_modules\jsdom\lib\jsdom\living\events\EventTarget-impl.js:286:3)
    at HTMLUnknownElementImpl._dispatch (C:\Users\DV.PRASAD\Elara-Cosmetics-E--Commerce-Website-\node_modules\jsdom\lib\jsdom\living\events\EventTarget-impl.js:233:9)
Error: Uncaught [Error: useWishlist must be used within a WishlistProvider]
    at reportException (C:\Users\DV.PRASAD\Elara-Cosmetics-E--Commerce-Website-\node_modules\jsdom\lib\jsdom\living\helpers\runtime-script-errors.js:66:24)
    at innerInvokeEventListeners (C:\Users\DV.PRASAD\Elara-Cosmetics-E--Commerce-Website-\node_modules\jsdom\lib\jsdom\living\events\EventTarget-impl.js:353:9)
    at invokeEventListeners (C:\Users\DV.PRASAD\Elara-Cosmetics-E--Commerce-Website-\node_modules\jsdom\lib\jsdom\living\events\EventTarget-impl.js:286:3)
    at HTMLUnknownElementImpl._dispatch (C:\Users\DV.PRASAD\Elara-Cosmetics-E--Commerce-Website-\node_modules\jsdom\lib\jsdom\living\events\EventTarget-impl.js:233:9)
    at HTMLUnknownElementImpl.dispatchEvent (C:\Users\DV.PRASAD\Elara-Cosmetics-E--Commerce-Website-\node_modules\jsdom\lib\jsdom\living\events\EventTarget-impl.js:104:17)
    at HTMLUnknownElement.dispatchEvent (C:\Users\DV.PRASAD\Elara-Cosmetics-E--Commerce-Website-\node_modules\jsdom\lib\jsdom\living\generated\EventTarget.js:241:34)
    at Object.invokeGuardedCallbackDev (C:\Users\DV.PRASAD\Elara-Cosmetics-E--Commerce-Website-\node_modules\react-dom\cjs\react-dom.development.js:4213:16)
    at invokeGuardedCallback (C:\Users\DV.PRASAD\Elara-Cosmetics-E--Commerce-Website-\node_modules\react-dom\cjs\react-dom.development.js:4277:31)
    at beginWork$1 (C:\Users\DV.PRASAD\Elara-Cosmetics-E--Commerce-Website-\node_modules\react-dom\cjs\react-dom.development.js:27490:7)
    at performUnitOfWork (C:\Users\DV.PRASAD\Elara-Cosmetics-E--Commerce-Website-\node_modules\react-dom\cjs\react-dom.development.js:26599:12) Error: useWishlist must be used within a WishlistProvider
    at Module.useWishlist (C:\Users\DV.PRASAD\Elara-Cosmetics-E--Commerce-Website-\src\hooks\use-wishlist.ts:10:11)
    at WishlistPage (C:\Users\DV.PRASAD\Elara-Cosmetics-E--Commerce-Website-\src\pages\WishlistPage.tsx:11:59)
    at renderWithHooks (C:\Users\DV.PRASAD\Elara-Cosmetics-E--Commerce-Website-\node_modules\react-dom\cjs\react-dom.development.js:15486:18)
    at mountIndeterminateComponent (C:\Users\DV.PRASAD\Elara-Cosmetics-E--Commerce-Website-\node_modules\react-dom\cjs\react-dom.development.js:20103:13)
    at beginWork (C:\Users\DV.PRASAD\Elara-Cosmetics-E--Commerce-Website-\node_modules\react-dom\cjs\react-dom.development.js:21626:16)
    at HTMLUnknownElement.callCallback (C:\Users\DV.PRASAD\Elara-Cosmetics-E--Commerce-Website-\node_modules\react-dom\cjs\react-dom.development.js:4164:14)
    at HTMLUnknownElement.callTheUserObjectsOperation (C:\Users\DV.PRASAD\Elara-Cosmetics-E--Commerce-Website-\node_modules\jsdom\lib\jsdom\living\generated\EventListener.js:26:30)
    at innerInvokeEventListeners (C:\Users\DV.PRASAD\Elara-Cosmetics-E--Commerce-Website-\node_modules\jsdom\lib\jsdom\living\events\EventTarget-impl.js:350:25)
    at invokeEventListeners (C:\Users\DV.PRASAD\Elara-Cosmetics-E--Commerce-Website-\node_modules\jsdom\lib\jsdom\living\events\EventTarget-impl.js:286:3)
    at HTMLUnknownElementImpl._dispatch (C:\Users\DV.PRASAD\Elara-Cosmetics-E--Commerce-Website-\node_modules\jsdom\lib\jsdom\living\events\EventTarget-impl.js:233:9)
The above error occurred in the <WishlistPage> component:

    at WishlistPage (C:\Users\DV.PRASAD\Elara-Cosmetics-E--Commerce-Website-\src\pages\WishlistPage.tsx:19:83)
    at Router (C:\Users\DV.PRASAD\Elara-Cosmetics-E--Commerce-Website-\node_modules\react-router\dist\umd\react-router.development.js:1207:17)
    at BrowserRouter (C:\Users\DV.PRASAD\Elara-Cosmetics-E--Commerce-Website-\node_modules\react-router-dom\dist\umd\react-router-dom.development.js:695:7)

Consider adding an error boundary to your tree to customize error handling behavior.
Visit https://reactjs.org/link/error-boundaries to learn more about error boundaries.

stderr | src/test/pages/WishlistPage.test.tsx > WishlistPage Tests > Product Links > should have clickable product names/images
Error: Uncaught [Error: useWishlist must be used within a WishlistProvider]
    at reportException (C:\Users\DV.PRASAD\Elara-Cosmetics-E--Commerce-Website-\node_modules\jsdom\lib\jsdom\living\helpers\runtime-script-errors.js:66:24)
    at innerInvokeEventListeners (C:\Users\DV.PRASAD\Elara-Cosmetics-E--Commerce-Website-\node_modules\jsdom\lib\jsdom\living\events\EventTarget-impl.js:353:9)
    at invokeEventListeners (C:\Users\DV.PRASAD\Elara-Cosmetics-E--Commerce-Website-\node_modules\jsdom\lib\jsdom\living\events\EventTarget-impl.js:286:3)
    at HTMLUnknownElementImpl._dispatch (C:\Users\DV.PRASAD\Elara-Cosmetics-E--Commerce-Website-\node_modules\jsdom\lib\jsdom\living\events\EventTarget-impl.js:233:9)
    at HTMLUnknownElementImpl.dispatchEvent (C:\Users\DV.PRASAD\Elara-Cosmetics-E--Commerce-Website-\node_modules\jsdom\lib\jsdom\living\events\EventTarget-impl.js:104:17)
    at HTMLUnknownElement.dispatchEvent (C:\Users\DV.PRASAD\Elara-Cosmetics-E--Commerce-Website-\node_modules\jsdom\lib\jsdom\living\generated\EventTarget.js:241:34)
    at Object.invokeGuardedCallbackDev (C:\Users\DV.PRASAD\Elara-Cosmetics-E--Commerce-Website-\node_modules\react-dom\cjs\react-dom.development.js:4213:16)
    at invokeGuardedCallback (C:\Users\DV.PRASAD\Elara-Cosmetics-E--Commerce-Website-\node_modules\react-dom\cjs\react-dom.development.js:4277:31)
    at beginWork$1 (C:\Users\DV.PRASAD\Elara-Cosmetics-E--Commerce-Website-\node_modules\react-dom\cjs\react-dom.development.js:27490:7)
    at performUnitOfWork (C:\Users\DV.PRASAD\Elara-Cosmetics-E--Commerce-Website-\node_modules\react-dom\cjs\react-dom.development.js:26599:12) Error: useWishlist must be used within a WishlistProvider
    at Module.useWishlist (C:\Users\DV.PRASAD\Elara-Cosmetics-E--Commerce-Website-\src\hooks\use-wishlist.ts:10:11)
    at WishlistPage (C:\Users\DV.PRASAD\Elara-Cosmetics-E--Commerce-Website-\src\pages\WishlistPage.tsx:11:59)
    at renderWithHooks (C:\Users\DV.PRASAD\Elara-Cosmetics-E--Commerce-Website-\node_modules\react-dom\cjs\react-dom.development.js:15486:18)
    at mountIndeterminateComponent (C:\Users\DV.PRASAD\Elara-Cosmetics-E--Commerce-Website-\node_modules\react-dom\cjs\react-dom.development.js:20103:13)
    at beginWork (C:\Users\DV.PRASAD\Elara-Cosmetics-E--Commerce-Website-\node_modules\react-dom\cjs\react-dom.development.js:21626:16)
    at HTMLUnknownElement.callCallback (C:\Users\DV.PRASAD\Elara-Cosmetics-E--Commerce-Website-\node_modules\react-dom\cjs\react-dom.development.js:4164:14)
    at HTMLUnknownElement.callTheUserObjectsOperation (C:\Users\DV.PRASAD\Elara-Cosmetics-E--Commerce-Website-\node_modules\jsdom\lib\jsdom\living\generated\EventListener.js:26:30)
    at innerInvokeEventListeners (C:\Users\DV.PRASAD\Elara-Cosmetics-E--Commerce-Website-\node_modules\jsdom\lib\jsdom\living\events\EventTarget-impl.js:350:25)
    at invokeEventListeners (C:\Users\DV.PRASAD\Elara-Cosmetics-E--Commerce-Website-\node_modules\jsdom\lib\jsdom\living\events\EventTarget-impl.js:286:3)
    at HTMLUnknownElementImpl._dispatch (C:\Users\DV.PRASAD\Elara-Cosmetics-E--Commerce-Website-\node_modules\jsdom\lib\jsdom\living\events\EventTarget-impl.js:233:9)
Error: Uncaught [Error: useWishlist must be used within a WishlistProvider]
    at reportException (C:\Users\DV.PRASAD\Elara-Cosmetics-E--Commerce-Website-\node_modules\jsdom\lib\jsdom\living\helpers\runtime-script-errors.js:66:24)
    at innerInvokeEventListeners (C:\Users\DV.PRASAD\Elara-Cosmetics-E--Commerce-Website-\node_modules\jsdom\lib\jsdom\living\events\EventTarget-impl.js:353:9)
    at invokeEventListeners (C:\Users\DV.PRASAD\Elara-Cosmetics-E--Commerce-Website-\node_modules\jsdom\lib\jsdom\living\events\EventTarget-impl.js:286:3)
    at HTMLUnknownElementImpl._dispatch (C:\Users\DV.PRASAD\Elara-Cosmetics-E--Commerce-Website-\node_modules\jsdom\lib\jsdom\living\events\EventTarget-impl.js:233:9)
    at HTMLUnknownElementImpl.dispatchEvent (C:\Users\DV.PRASAD\Elara-Cosmetics-E--Commerce-Website-\node_modules\jsdom\lib\jsdom\living\events\EventTarget-impl.js:104:17)
    at HTMLUnknownElement.dispatchEvent (C:\Users\DV.PRASAD\Elara-Cosmetics-E--Commerce-Website-\node_modules\jsdom\lib\jsdom\living\generated\EventTarget.js:241:34)
    at Object.invokeGuardedCallbackDev (C:\Users\DV.PRASAD\Elara-Cosmetics-E--Commerce-Website-\node_modules\react-dom\cjs\react-dom.development.js:4213:16)
    at invokeGuardedCallback (C:\Users\DV.PRASAD\Elara-Cosmetics-E--Commerce-Website-\node_modules\react-dom\cjs\react-dom.development.js:4277:31)
    at beginWork$1 (C:\Users\DV.PRASAD\Elara-Cosmetics-E--Commerce-Website-\node_modules\react-dom\cjs\react-dom.development.js:27490:7)
    at performUnitOfWork (C:\Users\DV.PRASAD\Elara-Cosmetics-E--Commerce-Website-\node_modules\react-dom\cjs\react-dom.development.js:26599:12) Error: useWishlist must be used within a WishlistProvider
    at Module.useWishlist (C:\Users\DV.PRASAD\Elara-Cosmetics-E--Commerce-Website-\src\hooks\use-wishlist.ts:10:11)
    at WishlistPage (C:\Users\DV.PRASAD\Elara-Cosmetics-E--Commerce-Website-\src\pages\WishlistPage.tsx:11:59)
    at renderWithHooks (C:\Users\DV.PRASAD\Elara-Cosmetics-E--Commerce-Website-\node_modules\react-dom\cjs\react-dom.development.js:15486:18)
    at mountIndeterminateComponent (C:\Users\DV.PRASAD\Elara-Cosmetics-E--Commerce-Website-\node_modules\react-dom\cjs\react-dom.development.js:20103:13)
    at beginWork (C:\Users\DV.PRASAD\Elara-Cosmetics-E--Commerce-Website-\node_modules\react-dom\cjs\react-dom.development.js:21626:16)
    at HTMLUnknownElement.callCallback (C:\Users\DV.PRASAD\Elara-Cosmetics-E--Commerce-Website-\node_modules\react-dom\cjs\react-dom.development.js:4164:14)
    at HTMLUnknownElement.callTheUserObjectsOperation (C:\Users\DV.PRASAD\Elara-Cosmetics-E--Commerce-Website-\node_modules\jsdom\lib\jsdom\living\generated\EventListener.js:26:30)
    at innerInvokeEventListeners (C:\Users\DV.PRASAD\Elara-Cosmetics-E--Commerce-Website-\node_modules\jsdom\lib\jsdom\living\events\EventTarget-impl.js:350:25)
    at invokeEventListeners (C:\Users\DV.PRASAD\Elara-Cosmetics-E--Commerce-Website-\node_modules\jsdom\lib\jsdom\living\events\EventTarget-impl.js:286:3)
    at HTMLUnknownElementImpl._dispatch (C:\Users\DV.PRASAD\Elara-Cosmetics-E--Commerce-Website-\node_modules\jsdom\lib\jsdom\living\events\EventTarget-impl.js:233:9)
The above error occurred in the <WishlistPage> component:

    at WishlistPage (C:\Users\DV.PRASAD\Elara-Cosmetics-E--Commerce-Website-\src\pages\WishlistPage.tsx:19:83)
    at Router (C:\Users\DV.PRASAD\Elara-Cosmetics-E--Commerce-Website-\node_modules\react-router\dist\umd\react-router.development.js:1207:17)
    at BrowserRouter (C:\Users\DV.PRASAD\Elara-Cosmetics-E--Commerce-Website-\node_modules\react-router-dom\dist\umd\react-router-dom.development.js:695:7)

Consider adding an error boundary to your tree to customize error handling behavior.
Visit https://reactjs.org/link/error-boundaries to learn more about error boundaries.

stderr | src/test/pages/WishlistPage.test.tsx > WishlistPage Tests > Wishlist Count > should show item count in header
Error: Uncaught [Error: useWishlist must be used within a WishlistProvider]
    at reportException (C:\Users\DV.PRASAD\Elara-Cosmetics-E--Commerce-Website-\node_modules\jsdom\lib\jsdom\living\helpers\runtime-script-errors.js:66:24)
    at innerInvokeEventListeners (C:\Users\DV.PRASAD\Elara-Cosmetics-E--Commerce-Website-\node_modules\jsdom\lib\jsdom\living\events\EventTarget-impl.js:353:9)
    at invokeEventListeners (C:\Users\DV.PRASAD\Elara-Cosmetics-E--Commerce-Website-\node_modules\jsdom\lib\jsdom\living\events\EventTarget-impl.js:286:3)
    at HTMLUnknownElementImpl._dispatch (C:\Users\DV.PRASAD\Elara-Cosmetics-E--Commerce-Website-\node_modules\jsdom\lib\jsdom\living\events\EventTarget-impl.js:233:9)
    at HTMLUnknownElementImpl.dispatchEvent (C:\Users\DV.PRASAD\Elara-Cosmetics-E--Commerce-Website-\node_modules\jsdom\lib\jsdom\living\events\EventTarget-impl.js:104:17)
    at HTMLUnknownElement.dispatchEvent (C:\Users\DV.PRASAD\Elara-Cosmetics-E--Commerce-Website-\node_modules\jsdom\lib\jsdom\living\generated\EventTarget.js:241:34)
    at Object.invokeGuardedCallbackDev (C:\Users\DV.PRASAD\Elara-Cosmetics-E--Commerce-Website-\node_modules\react-dom\cjs\react-dom.development.js:4213:16)
    at invokeGuardedCallback (C:\Users\DV.PRASAD\Elara-Cosmetics-E--Commerce-Website-\node_modules\react-dom\cjs\react-dom.development.js:4277:31)
    at beginWork$1 (C:\Users\DV.PRASAD\Elara-Cosmetics-E--Commerce-Website-\node_modules\react-dom\cjs\react-dom.development.js:27490:7)
    at performUnitOfWork (C:\Users\DV.PRASAD\Elara-Cosmetics-E--Commerce-Website-\node_modules\react-dom\cjs\react-dom.development.js:26599:12) Error: useWishlist must be used within a WishlistProvider
    at Module.useWishlist (C:\Users\DV.PRASAD\Elara-Cosmetics-E--Commerce-Website-\src\hooks\use-wishlist.ts:10:11)
    at WishlistPage (C:\Users\DV.PRASAD\Elara-Cosmetics-E--Commerce-Website-\src\pages\WishlistPage.tsx:11:59)
    at renderWithHooks (C:\Users\DV.PRASAD\Elara-Cosmetics-E--Commerce-Website-\node_modules\react-dom\cjs\react-dom.development.js:15486:18)
    at mountIndeterminateComponent (C:\Users\DV.PRASAD\Elara-Cosmetics-E--Commerce-Website-\node_modules\react-dom\cjs\react-dom.development.js:20103:13)
    at beginWork (C:\Users\DV.PRASAD\Elara-Cosmetics-E--Commerce-Website-\node_modules\react-dom\cjs\react-dom.development.js:21626:16)
    at HTMLUnknownElement.callCallback (C:\Users\DV.PRASAD\Elara-Cosmetics-E--Commerce-Website-\node_modules\react-dom\cjs\react-dom.development.js:4164:14)
    at HTMLUnknownElement.callTheUserObjectsOperation (C:\Users\DV.PRASAD\Elara-Cosmetics-E--Commerce-Website-\node_modules\jsdom\lib\jsdom\living\generated\EventListener.js:26:30)
    at innerInvokeEventListeners (C:\Users\DV.PRASAD\Elara-Cosmetics-E--Commerce-Website-\node_modules\jsdom\lib\jsdom\living\events\EventTarget-impl.js:350:25)
    at invokeEventListeners (C:\Users\DV.PRASAD\Elara-Cosmetics-E--Commerce-Website-\node_modules\jsdom\lib\jsdom\living\events\EventTarget-impl.js:286:3)
    at HTMLUnknownElementImpl._dispatch (C:\Users\DV.PRASAD\Elara-Cosmetics-E--Commerce-Website-\node_modules\jsdom\lib\jsdom\living\events\EventTarget-impl.js:233:9)
Error: Uncaught [Error: useWishlist must be used within a WishlistProvider]
    at reportException (C:\Users\DV.PRASAD\Elara-Cosmetics-E--Commerce-Website-\node_modules\jsdom\lib\jsdom\living\helpers\runtime-script-errors.js:66:24)
    at innerInvokeEventListeners (C:\Users\DV.PRASAD\Elara-Cosmetics-E--Commerce-Website-\node_modules\jsdom\lib\jsdom\living\events\EventTarget-impl.js:353:9)
    at invokeEventListeners (C:\Users\DV.PRASAD\Elara-Cosmetics-E--Commerce-Website-\node_modules\jsdom\lib\jsdom\living\events\EventTarget-impl.js:286:3)
    at HTMLUnknownElementImpl._dispatch (C:\Users\DV.PRASAD\Elara-Cosmetics-E--Commerce-Website-\node_modules\jsdom\lib\jsdom\living\events\EventTarget-impl.js:233:9)
    at HTMLUnknownElementImpl.dispatchEvent (C:\Users\DV.PRASAD\Elara-Cosmetics-E--Commerce-Website-\node_modules\jsdom\lib\jsdom\living\events\EventTarget-impl.js:104:17)
    at HTMLUnknownElement.dispatchEvent (C:\Users\DV.PRASAD\Elara-Cosmetics-E--Commerce-Website-\node_modules\jsdom\lib\jsdom\living\generated\EventTarget.js:241:34)
    at Object.invokeGuardedCallbackDev (C:\Users\DV.PRASAD\Elara-Cosmetics-E--Commerce-Website-\node_modules\react-dom\cjs\react-dom.development.js:4213:16)
    at invokeGuardedCallback (C:\Users\DV.PRASAD\Elara-Cosmetics-E--Commerce-Website-\node_modules\react-dom\cjs\react-dom.development.js:4277:31)
    at beginWork$1 (C:\Users\DV.PRASAD\Elara-Cosmetics-E--Commerce-Website-\node_modules\react-dom\cjs\react-dom.development.js:27490:7)
    at performUnitOfWork (C:\Users\DV.PRASAD\Elara-Cosmetics-E--Commerce-Website-\node_modules\react-dom\cjs\react-dom.development.js:26599:12) Error: useWishlist must be used within a WishlistProvider
    at Module.useWishlist (C:\Users\DV.PRASAD\Elara-Cosmetics-E--Commerce-Website-\src\hooks\use-wishlist.ts:10:11)
    at WishlistPage (C:\Users\DV.PRASAD\Elara-Cosmetics-E--Commerce-Website-\src\pages\WishlistPage.tsx:11:59)
    at renderWithHooks (C:\Users\DV.PRASAD\Elara-Cosmetics-E--Commerce-Website-\node_modules\react-dom\cjs\react-dom.development.js:15486:18)
    at mountIndeterminateComponent (C:\Users\DV.PRASAD\Elara-Cosmetics-E--Commerce-Website-\node_modules\react-dom\cjs\react-dom.development.js:20103:13)
    at beginWork (C:\Users\DV.PRASAD\Elara-Cosmetics-E--Commerce-Website-\node_modules\react-dom\cjs\react-dom.development.js:21626:16)
    at HTMLUnknownElement.callCallback (C:\Users\DV.PRASAD\Elara-Cosmetics-E--Commerce-Website-\node_modules\react-dom\cjs\react-dom.development.js:4164:14)
    at HTMLUnknownElement.callTheUserObjectsOperation (C:\Users\DV.PRASAD\Elara-Cosmetics-E--Commerce-Website-\node_modules\jsdom\lib\jsdom\living\generated\EventListener.js:26:30)
    at innerInvokeEventListeners (C:\Users\DV.PRASAD\Elara-Cosmetics-E--Commerce-Website-\node_modules\jsdom\lib\jsdom\living\events\EventTarget-impl.js:350:25)
    at invokeEventListeners (C:\Users\DV.PRASAD\Elara-Cosmetics-E--Commerce-Website-\node_modules\jsdom\lib\jsdom\living\events\EventTarget-impl.js:286:3)
    at HTMLUnknownElementImpl._dispatch (C:\Users\DV.PRASAD\Elara-Cosmetics-E--Commerce-Website-\node_modules\jsdom\lib\jsdom\living\events\EventTarget-impl.js:233:9)
The above error occurred in the <WishlistPage> component:

    at WishlistPage (C:\Users\DV.PRASAD\Elara-Cosmetics-E--Commerce-Website-\src\pages\WishlistPage.tsx:19:83)
    at Router (C:\Users\DV.PRASAD\Elara-Cosmetics-E--Commerce-Website-\node_modules\react-router\dist\umd\react-router.development.js:1207:17)
    at BrowserRouter (C:\Users\DV.PRASAD\Elara-Cosmetics-E--Commerce-Website-\node_modules\react-router-dom\dist\umd\react-router-dom.development.js:695:7)

Consider adding an error boundary to your tree to customize error handling behavior.
Visit https://reactjs.org/link/error-boundaries to learn more about error boundaries.

stderr | src/test/pages/WishlistPage.test.tsx > WishlistPage Tests > Responsive Design > should render items in grid layout
Error: Uncaught [Error: useWishlist must be used within a WishlistProvider]
    at reportException (C:\Users\DV.PRASAD\Elara-Cosmetics-E--Commerce-Website-\node_modules\jsdom\lib\jsdom\living\helpers\runtime-script-errors.js:66:24)
    at innerInvokeEventListeners (C:\Users\DV.PRASAD\Elara-Cosmetics-E--Commerce-Website-\node_modules\jsdom\lib\jsdom\living\events\EventTarget-impl.js:353:9)
    at invokeEventListeners (C:\Users\DV.PRASAD\Elara-Cosmetics-E--Commerce-Website-\node_modules\jsdom\lib\jsdom\living\events\EventTarget-impl.js:286:3)
    at HTMLUnknownElementImpl._dispatch (C:\Users\DV.PRASAD\Elara-Cosmetics-E--Commerce-Website-\node_modules\jsdom\lib\jsdom\living\events\EventTarget-impl.js:233:9)
    at HTMLUnknownElementImpl.dispatchEvent (C:\Users\DV.PRASAD\Elara-Cosmetics-E--Commerce-Website-\node_modules\jsdom\lib\jsdom\living\events\EventTarget-impl.js:104:17)
    at HTMLUnknownElement.dispatchEvent (C:\Users\DV.PRASAD\Elara-Cosmetics-E--Commerce-Website-\node_modules\jsdom\lib\jsdom\living\generated\EventTarget.js:241:34)
    at Object.invokeGuardedCallbackDev (C:\Users\DV.PRASAD\Elara-Cosmetics-E--Commerce-Website-\node_modules\react-dom\cjs\react-dom.development.js:4213:16)
    at invokeGuardedCallback (C:\Users\DV.PRASAD\Elara-Cosmetics-E--Commerce-Website-\node_modules\react-dom\cjs\react-dom.development.js:4277:31)
    at beginWork$1 (C:\Users\DV.PRASAD\Elara-Cosmetics-E--Commerce-Website-\node_modules\react-dom\cjs\react-dom.development.js:27490:7)
    at performUnitOfWork (C:\Users\DV.PRASAD\Elara-Cosmetics-E--Commerce-Website-\node_modules\react-dom\cjs\react-dom.development.js:26599:12) Error: useWishlist must be used within a WishlistProvider
    at Module.useWishlist (C:\Users\DV.PRASAD\Elara-Cosmetics-E--Commerce-Website-\src\hooks\use-wishlist.ts:10:11)
    at WishlistPage (C:\Users\DV.PRASAD\Elara-Cosmetics-E--Commerce-Website-\src\pages\WishlistPage.tsx:11:59)
    at renderWithHooks (C:\Users\DV.PRASAD\Elara-Cosmetics-E--Commerce-Website-\node_modules\react-dom\cjs\react-dom.development.js:15486:18)
    at mountIndeterminateComponent (C:\Users\DV.PRASAD\Elara-Cosmetics-E--Commerce-Website-\node_modules\react-dom\cjs\react-dom.development.js:20103:13)
    at beginWork (C:\Users\DV.PRASAD\Elara-Cosmetics-E--Commerce-Website-\node_modules\react-dom\cjs\react-dom.development.js:21626:16)
    at HTMLUnknownElement.callCallback (C:\Users\DV.PRASAD\Elara-Cosmetics-E--Commerce-Website-\node_modules\react-dom\cjs\react-dom.development.js:4164:14)
    at HTMLUnknownElement.callTheUserObjectsOperation (C:\Users\DV.PRASAD\Elara-Cosmetics-E--Commerce-Website-\node_modules\jsdom\lib\jsdom\living\generated\EventListener.js:26:30)
    at innerInvokeEventListeners (C:\Users\DV.PRASAD\Elara-Cosmetics-E--Commerce-Website-\node_modules\jsdom\lib\jsdom\living\events\EventTarget-impl.js:350:25)
    at invokeEventListeners (C:\Users\DV.PRASAD\Elara-Cosmetics-E--Commerce-Website-\node_modules\jsdom\lib\jsdom\living\events\EventTarget-impl.js:286:3)
    at HTMLUnknownElementImpl._dispatch (C:\Users\DV.PRASAD\Elara-Cosmetics-E--Commerce-Website-\node_modules\jsdom\lib\jsdom\living\events\EventTarget-impl.js:233:9)
Error: Uncaught [Error: useWishlist must be used within a WishlistProvider]
    at reportException (C:\Users\DV.PRASAD\Elara-Cosmetics-E--Commerce-Website-\node_modules\jsdom\lib\jsdom\living\helpers\runtime-script-errors.js:66:24)
    at innerInvokeEventListeners (C:\Users\DV.PRASAD\Elara-Cosmetics-E--Commerce-Website-\node_modules\jsdom\lib\jsdom\living\events\EventTarget-impl.js:353:9)
    at invokeEventListeners (C:\Users\DV.PRASAD\Elara-Cosmetics-E--Commerce-Website-\node_modules\jsdom\lib\jsdom\living\events\EventTarget-impl.js:286:3)
    at HTMLUnknownElementImpl._dispatch (C:\Users\DV.PRASAD\Elara-Cosmetics-E--Commerce-Website-\node_modules\jsdom\lib\jsdom\living\events\EventTarget-impl.js:233:9)
    at HTMLUnknownElementImpl.dispatchEvent (C:\Users\DV.PRASAD\Elara-Cosmetics-E--Commerce-Website-\node_modules\jsdom\lib\jsdom\living\events\EventTarget-impl.js:104:17)
    at HTMLUnknownElement.dispatchEvent (C:\Users\DV.PRASAD\Elara-Cosmetics-E--Commerce-Website-\node_modules\jsdom\lib\jsdom\living\generated\EventTarget.js:241:34)
    at Object.invokeGuardedCallbackDev (C:\Users\DV.PRASAD\Elara-Cosmetics-E--Commerce-Website-\node_modules\react-dom\cjs\react-dom.development.js:4213:16)
    at invokeGuardedCallback (C:\Users\DV.PRASAD\Elara-Cosmetics-E--Commerce-Website-\node_modules\react-dom\cjs\react-dom.development.js:4277:31)
    at beginWork$1 (C:\Users\DV.PRASAD\Elara-Cosmetics-E--Commerce-Website-\node_modules\react-dom\cjs\react-dom.development.js:27490:7)
    at performUnitOfWork (C:\Users\DV.PRASAD\Elara-Cosmetics-E--Commerce-Website-\node_modules\react-dom\cjs\react-dom.development.js:26599:12) Error: useWishlist must be used within a WishlistProvider
    at Module.useWishlist (C:\Users\DV.PRASAD\Elara-Cosmetics-E--Commerce-Website-\src\hooks\use-wishlist.ts:10:11)
    at WishlistPage (C:\Users\DV.PRASAD\Elara-Cosmetics-E--Commerce-Website-\src\pages\WishlistPage.tsx:11:59)
    at renderWithHooks (C:\Users\DV.PRASAD\Elara-Cosmetics-E--Commerce-Website-\node_modules\react-dom\cjs\react-dom.development.js:15486:18)
    at mountIndeterminateComponent (C:\Users\DV.PRASAD\Elara-Cosmetics-E--Commerce-Website-\node_modules\react-dom\cjs\react-dom.development.js:20103:13)
    at beginWork (C:\Users\DV.PRASAD\Elara-Cosmetics-E--Commerce-Website-\node_modules\react-dom\cjs\react-dom.development.js:21626:16)
    at HTMLUnknownElement.callCallback (C:\Users\DV.PRASAD\Elara-Cosmetics-E--Commerce-Website-\node_modules\react-dom\cjs\react-dom.development.js:4164:14)
    at HTMLUnknownElement.callTheUserObjectsOperation (C:\Users\DV.PRASAD\Elara-Cosmetics-E--Commerce-Website-\node_modules\jsdom\lib\jsdom\living\generated\EventListener.js:26:30)
    at innerInvokeEventListeners (C:\Users\DV.PRASAD\Elara-Cosmetics-E--Commerce-Website-\node_modules\jsdom\lib\jsdom\living\events\EventTarget-impl.js:350:25)
    at invokeEventListeners (C:\Users\DV.PRASAD\Elara-Cosmetics-E--Commerce-Website-\node_modules\jsdom\lib\jsdom\living\events\EventTarget-impl.js:286:3)
    at HTMLUnknownElementImpl._dispatch (C:\Users\DV.PRASAD\Elara-Cosmetics-E--Commerce-Website-\node_modules\jsdom\lib\jsdom\living\events\EventTarget-impl.js:233:9)
The above error occurred in the <WishlistPage> component:

    at WishlistPage (C:\Users\DV.PRASAD\Elara-Cosmetics-E--Commerce-Website-\src\pages\WishlistPage.tsx:19:83)
    at Router (C:\Users\DV.PRASAD\Elara-Cosmetics-E--Commerce-Website-\node_modules\react-router\dist\umd\react-router.development.js:1207:17)
    at BrowserRouter (C:\Users\DV.PRASAD\Elara-Cosmetics-E--Commerce-Website-\node_modules\react-router-dom\dist\umd\react-router-dom.development.js:695:7)

Consider adding an error boundary to your tree to customize error handling behavior.
Visit https://reactjs.org/link/error-boundaries to learn more about error boundaries.

stderr | src/test/pages/WishlistPage.test.tsx > WishlistPage Tests > Badges > should display New badge
Error: Uncaught [Error: useWishlist must be used within a WishlistProvider]
    at reportException (C:\Users\DV.PRASAD\Elara-Cosmetics-E--Commerce-Website-\node_modules\jsdom\lib\jsdom\living\helpers\runtime-script-errors.js:66:24)
    at innerInvokeEventListeners (C:\Users\DV.PRASAD\Elara-Cosmetics-E--Commerce-Website-\node_modules\jsdom\lib\jsdom\living\events\EventTarget-impl.js:353:9)
    at invokeEventListeners (C:\Users\DV.PRASAD\Elara-Cosmetics-E--Commerce-Website-\node_modules\jsdom\lib\jsdom\living\events\EventTarget-impl.js:286:3)
    at HTMLUnknownElementImpl._dispatch (C:\Users\DV.PRASAD\Elara-Cosmetics-E--Commerce-Website-\node_modules\jsdom\lib\jsdom\living\events\EventTarget-impl.js:233:9)
    at HTMLUnknownElementImpl.dispatchEvent (C:\Users\DV.PRASAD\Elara-Cosmetics-E--Commerce-Website-\node_modules\jsdom\lib\jsdom\living\events\EventTarget-impl.js:104:17)
    at HTMLUnknownElement.dispatchEvent (C:\Users\DV.PRASAD\Elara-Cosmetics-E--Commerce-Website-\node_modules\jsdom\lib\jsdom\living\generated\EventTarget.js:241:34)
    at Object.invokeGuardedCallbackDev (C:\Users\DV.PRASAD\Elara-Cosmetics-E--Commerce-Website-\node_modules\react-dom\cjs\react-dom.development.js:4213:16)
    at invokeGuardedCallback (C:\Users\DV.PRASAD\Elara-Cosmetics-E--Commerce-Website-\node_modules\react-dom\cjs\react-dom.development.js:4277:31)
    at beginWork$1 (C:\Users\DV.PRASAD\Elara-Cosmetics-E--Commerce-Website-\node_modules\react-dom\cjs\react-dom.development.js:27490:7)
    at performUnitOfWork (C:\Users\DV.PRASAD\Elara-Cosmetics-E--Commerce-Website-\node_modules\react-dom\cjs\react-dom.development.js:26599:12) Error: useWishlist must be used within a WishlistProvider
    at Module.useWishlist (C:\Users\DV.PRASAD\Elara-Cosmetics-E--Commerce-Website-\src\hooks\use-wishlist.ts:10:11)
    at WishlistPage (C:\Users\DV.PRASAD\Elara-Cosmetics-E--Commerce-Website-\src\pages\WishlistPage.tsx:11:59)
    at renderWithHooks (C:\Users\DV.PRASAD\Elara-Cosmetics-E--Commerce-Website-\node_modules\react-dom\cjs\react-dom.development.js:15486:18)
    at mountIndeterminateComponent (C:\Users\DV.PRASAD\Elara-Cosmetics-E--Commerce-Website-\node_modules\react-dom\cjs\react-dom.development.js:20103:13)
    at beginWork (C:\Users\DV.PRASAD\Elara-Cosmetics-E--Commerce-Website-\node_modules\react-dom\cjs\react-dom.development.js:21626:16)
    at HTMLUnknownElement.callCallback (C:\Users\DV.PRASAD\Elara-Cosmetics-E--Commerce-Website-\node_modules\react-dom\cjs\react-dom.development.js:4164:14)
    at HTMLUnknownElement.callTheUserObjectsOperation (C:\Users\DV.PRASAD\Elara-Cosmetics-E--Commerce-Website-\node_modules\jsdom\lib\jsdom\living\generated\EventListener.js:26:30)
    at innerInvokeEventListeners (C:\Users\DV.PRASAD\Elara-Cosmetics-E--Commerce-Website-\node_modules\jsdom\lib\jsdom\living\events\EventTarget-impl.js:350:25)
    at invokeEventListeners (C:\Users\DV.PRASAD\Elara-Cosmetics-E--Commerce-Website-\node_modules\jsdom\lib\jsdom\living\events\EventTarget-impl.js:286:3)
    at HTMLUnknownElementImpl._dispatch (C:\Users\DV.PRASAD\Elara-Cosmetics-E--Commerce-Website-\node_modules\jsdom\lib\jsdom\living\events\EventTarget-impl.js:233:9)
Error: Uncaught [Error: useWishlist must be used within a WishlistProvider]
    at reportException (C:\Users\DV.PRASAD\Elara-Cosmetics-E--Commerce-Website-\node_modules\jsdom\lib\jsdom\living\helpers\runtime-script-errors.js:66:24)
    at innerInvokeEventListeners (C:\Users\DV.PRASAD\Elara-Cosmetics-E--Commerce-Website-\node_modules\jsdom\lib\jsdom\living\events\EventTarget-impl.js:353:9)
    at invokeEventListeners (C:\Users\DV.PRASAD\Elara-Cosmetics-E--Commerce-Website-\node_modules\jsdom\lib\jsdom\living\events\EventTarget-impl.js:286:3)
    at HTMLUnknownElementImpl._dispatch (C:\Users\DV.PRASAD\Elara-Cosmetics-E--Commerce-Website-\node_modules\jsdom\lib\jsdom\living\events\EventTarget-impl.js:233:9)
    at HTMLUnknownElementImpl.dispatchEvent (C:\Users\DV.PRASAD\Elara-Cosmetics-E--Commerce-Website-\node_modules\jsdom\lib\jsdom\living\events\EventTarget-impl.js:104:17)
    at HTMLUnknownElement.dispatchEvent (C:\Users\DV.PRASAD\Elara-Cosmetics-E--Commerce-Website-\node_modules\jsdom\lib\jsdom\living\generated\EventTarget.js:241:34)
    at Object.invokeGuardedCallbackDev (C:\Users\DV.PRASAD\Elara-Cosmetics-E--Commerce-Website-\node_modules\react-dom\cjs\react-dom.development.js:4213:16)
    at invokeGuardedCallback (C:\Users\DV.PRASAD\Elara-Cosmetics-E--Commerce-Website-\node_modules\react-dom\cjs\react-dom.development.js:4277:31)
    at beginWork$1 (C:\Users\DV.PRASAD\Elara-Cosmetics-E--Commerce-Website-\node_modules\react-dom\cjs\react-dom.development.js:27490:7)
    at performUnitOfWork (C:\Users\DV.PRASAD\Elara-Cosmetics-E--Commerce-Website-\node_modules\react-dom\cjs\react-dom.development.js:26599:12) Error: useWishlist must be used within a WishlistProvider
    at Module.useWishlist (C:\Users\DV.PRASAD\Elara-Cosmetics-E--Commerce-Website-\src\hooks\use-wishlist.ts:10:11)
    at WishlistPage (C:\Users\DV.PRASAD\Elara-Cosmetics-E--Commerce-Website-\src\pages\WishlistPage.tsx:11:59)
    at renderWithHooks (C:\Users\DV.PRASAD\Elara-Cosmetics-E--Commerce-Website-\node_modules\react-dom\cjs\react-dom.development.js:15486:18)
    at mountIndeterminateComponent (C:\Users\DV.PRASAD\Elara-Cosmetics-E--Commerce-Website-\node_modules\react-dom\cjs\react-dom.development.js:20103:13)
    at beginWork (C:\Users\DV.PRASAD\Elara-Cosmetics-E--Commerce-Website-\node_modules\react-dom\cjs\react-dom.development.js:21626:16)
    at HTMLUnknownElement.callCallback (C:\Users\DV.PRASAD\Elara-Cosmetics-E--Commerce-Website-\node_modules\react-dom\cjs\react-dom.development.js:4164:14)
    at HTMLUnknownElement.callTheUserObjectsOperation (C:\Users\DV.PRASAD\Elara-Cosmetics-E--Commerce-Website-\node_modules\jsdom\lib\jsdom\living\generated\EventListener.js:26:30)
    at innerInvokeEventListeners (C:\Users\DV.PRASAD\Elara-Cosmetics-E--Commerce-Website-\node_modules\jsdom\lib\jsdom\living\events\EventTarget-impl.js:350:25)
    at invokeEventListeners (C:\Users\DV.PRASAD\Elara-Cosmetics-E--Commerce-Website-\node_modules\jsdom\lib\jsdom\living\events\EventTarget-impl.js:286:3)
    at HTMLUnknownElementImpl._dispatch (C:\Users\DV.PRASAD\Elara-Cosmetics-E--Commerce-Website-\node_modules\jsdom\lib\jsdom\living\events\EventTarget-impl.js:233:9)
The above error occurred in the <WishlistPage> component:

    at WishlistPage (C:\Users\DV.PRASAD\Elara-Cosmetics-E--Commerce-Website-\src\pages\WishlistPage.tsx:19:83)
    at Router (C:\Users\DV.PRASAD\Elara-Cosmetics-E--Commerce-Website-\node_modules\react-router\dist\umd\react-router.development.js:1207:17)
    at BrowserRouter (C:\Users\DV.PRASAD\Elara-Cosmetics-E--Commerce-Website-\node_modules\react-router-dom\dist\umd\react-router-dom.development.js:695:7)

Consider adding an error boundary to your tree to customize error handling behavior.
Visit https://reactjs.org/link/error-boundaries to learn more about error boundaries.

stderr | src/test/pages/WishlistPage.test.tsx > WishlistPage Tests > Badges > should display Bestseller badge
Error: Uncaught [Error: useWishlist must be used within a WishlistProvider]
    at reportException (C:\Users\DV.PRASAD\Elara-Cosmetics-E--Commerce-Website-\node_modules\jsdom\lib\jsdom\living\helpers\runtime-script-errors.js:66:24)
    at innerInvokeEventListeners (C:\Users\DV.PRASAD\Elara-Cosmetics-E--Commerce-Website-\node_modules\jsdom\lib\jsdom\living\events\EventTarget-impl.js:353:9)
    at invokeEventListeners (C:\Users\DV.PRASAD\Elara-Cosmetics-E--Commerce-Website-\node_modules\jsdom\lib\jsdom\living\events\EventTarget-impl.js:286:3)
    at HTMLUnknownElementImpl._dispatch (C:\Users\DV.PRASAD\Elara-Cosmetics-E--Commerce-Website-\node_modules\jsdom\lib\jsdom\living\events\EventTarget-impl.js:233:9)
    at HTMLUnknownElementImpl.dispatchEvent (C:\Users\DV.PRASAD\Elara-Cosmetics-E--Commerce-Website-\node_modules\jsdom\lib\jsdom\living\events\EventTarget-impl.js:104:17)
    at HTMLUnknownElement.dispatchEvent (C:\Users\DV.PRASAD\Elara-Cosmetics-E--Commerce-Website-\node_modules\jsdom\lib\jsdom\living\generated\EventTarget.js:241:34)
    at Object.invokeGuardedCallbackDev (C:\Users\DV.PRASAD\Elara-Cosmetics-E--Commerce-Website-\node_modules\react-dom\cjs\react-dom.development.js:4213:16)
    at invokeGuardedCallback (C:\Users\DV.PRASAD\Elara-Cosmetics-E--Commerce-Website-\node_modules\react-dom\cjs\react-dom.development.js:4277:31)
    at beginWork$1 (C:\Users\DV.PRASAD\Elara-Cosmetics-E--Commerce-Website-\node_modules\react-dom\cjs\react-dom.development.js:27490:7)
    at performUnitOfWork (C:\Users\DV.PRASAD\Elara-Cosmetics-E--Commerce-Website-\node_modules\react-dom\cjs\react-dom.development.js:26599:12) Error: useWishlist must be used within a WishlistProvider
    at Module.useWishlist (C:\Users\DV.PRASAD\Elara-Cosmetics-E--Commerce-Website-\src\hooks\use-wishlist.ts:10:11)
    at WishlistPage (C:\Users\DV.PRASAD\Elara-Cosmetics-E--Commerce-Website-\src\pages\WishlistPage.tsx:11:59)
    at renderWithHooks (C:\Users\DV.PRASAD\Elara-Cosmetics-E--Commerce-Website-\node_modules\react-dom\cjs\react-dom.development.js:15486:18)
    at mountIndeterminateComponent (C:\Users\DV.PRASAD\Elara-Cosmetics-E--Commerce-Website-\node_modules\react-dom\cjs\react-dom.development.js:20103:13)
    at beginWork (C:\Users\DV.PRASAD\Elara-Cosmetics-E--Commerce-Website-\node_modules\react-dom\cjs\react-dom.development.js:21626:16)
    at HTMLUnknownElement.callCallback (C:\Users\DV.PRASAD\Elara-Cosmetics-E--Commerce-Website-\node_modules\react-dom\cjs\react-dom.development.js:4164:14)
    at HTMLUnknownElement.callTheUserObjectsOperation (C:\Users\DV.PRASAD\Elara-Cosmetics-E--Commerce-Website-\node_modules\jsdom\lib\jsdom\living\generated\EventListener.js:26:30)
    at innerInvokeEventListeners (C:\Users\DV.PRASAD\Elara-Cosmetics-E--Commerce-Website-\node_modules\jsdom\lib\jsdom\living\events\EventTarget-impl.js:350:25)
    at invokeEventListeners (C:\Users\DV.PRASAD\Elara-Cosmetics-E--Commerce-Website-\node_modules\jsdom\lib\jsdom\living\events\EventTarget-impl.js:286:3)
    at HTMLUnknownElementImpl._dispatch (C:\Users\DV.PRASAD\Elara-Cosmetics-E--Commerce-Website-\node_modules\jsdom\lib\jsdom\living\events\EventTarget-impl.js:233:9)
Error: Uncaught [Error: useWishlist must be used within a WishlistProvider]
    at reportException (C:\Users\DV.PRASAD\Elara-Cosmetics-E--Commerce-Website-\node_modules\jsdom\lib\jsdom\living\helpers\runtime-script-errors.js:66:24)
    at innerInvokeEventListeners (C:\Users\DV.PRASAD\Elara-Cosmetics-E--Commerce-Website-\node_modules\jsdom\lib\jsdom\living\events\EventTarget-impl.js:353:9)
    at invokeEventListeners (C:\Users\DV.PRASAD\Elara-Cosmetics-E--Commerce-Website-\node_modules\jsdom\lib\jsdom\living\events\EventTarget-impl.js:286:3)
    at HTMLUnknownElementImpl._dispatch (C:\Users\DV.PRASAD\Elara-Cosmetics-E--Commerce-Website-\node_modules\jsdom\lib\jsdom\living\events\EventTarget-impl.js:233:9)
    at HTMLUnknownElementImpl.dispatchEvent (C:\Users\DV.PRASAD\Elara-Cosmetics-E--Commerce-Website-\node_modules\jsdom\lib\jsdom\living\events\EventTarget-impl.js:104:17)
    at HTMLUnknownElement.dispatchEvent (C:\Users\DV.PRASAD\Elara-Cosmetics-E--Commerce-Website-\node_modules\jsdom\lib\jsdom\living\generated\EventTarget.js:241:34)
    at Object.invokeGuardedCallbackDev (C:\Users\DV.PRASAD\Elara-Cosmetics-E--Commerce-Website-\node_modules\react-dom\cjs\react-dom.development.js:4213:16)
    at invokeGuardedCallback (C:\Users\DV.PRASAD\Elara-Cosmetics-E--Commerce-Website-\node_modules\react-dom\cjs\react-dom.development.js:4277:31)
    at beginWork$1 (C:\Users\DV.PRASAD\Elara-Cosmetics-E--Commerce-Website-\node_modules\react-dom\cjs\react-dom.development.js:27490:7)
    at performUnitOfWork (C:\Users\DV.PRASAD\Elara-Cosmetics-E--Commerce-Website-\node_modules\react-dom\cjs\react-dom.development.js:26599:12) Error: useWishlist must be used within a WishlistProvider
    at Module.useWishlist (C:\Users\DV.PRASAD\Elara-Cosmetics-E--Commerce-Website-\src\hooks\use-wishlist.ts:10:11)
    at WishlistPage (C:\Users\DV.PRASAD\Elara-Cosmetics-E--Commerce-Website-\src\pages\WishlistPage.tsx:11:59)
    at renderWithHooks (C:\Users\DV.PRASAD\Elara-Cosmetics-E--Commerce-Website-\node_modules\react-dom\cjs\react-dom.development.js:15486:18)
    at mountIndeterminateComponent (C:\Users\DV.PRASAD\Elara-Cosmetics-E--Commerce-Website-\node_modules\react-dom\cjs\react-dom.development.js:20103:13)
    at beginWork (C:\Users\DV.PRASAD\Elara-Cosmetics-E--Commerce-Website-\node_modules\react-dom\cjs\react-dom.development.js:21626:16)
    at HTMLUnknownElement.callCallback (C:\Users\DV.PRASAD\Elara-Cosmetics-E--Commerce-Website-\node_modules\react-dom\cjs\react-dom.development.js:4164:14)
    at HTMLUnknownElement.callTheUserObjectsOperation (C:\Users\DV.PRASAD\Elara-Cosmetics-E--Commerce-Website-\node_modules\jsdom\lib\jsdom\living\generated\EventListener.js:26:30)
    at innerInvokeEventListeners (C:\Users\DV.PRASAD\Elara-Cosmetics-E--Commerce-Website-\node_modules\jsdom\lib\jsdom\living\events\EventTarget-impl.js:350:25)
    at invokeEventListeners (C:\Users\DV.PRASAD\Elara-Cosmetics-E--Commerce-Website-\node_modules\jsdom\lib\jsdom\living\events\EventTarget-impl.js:286:3)
    at HTMLUnknownElementImpl._dispatch (C:\Users\DV.PRASAD\Elara-Cosmetics-E--Commerce-Website-\node_modules\jsdom\lib\jsdom\living\events\EventTarget-impl.js:233:9)
The above error occurred in the <WishlistPage> component:

    at WishlistPage (C:\Users\DV.PRASAD\Elara-Cosmetics-E--Commerce-Website-\src\pages\WishlistPage.tsx:19:83)
    at Router (C:\Users\DV.PRASAD\Elara-Cosmetics-E--Commerce-Website-\node_modules\react-router\dist\umd\react-router.development.js:1207:17)
    at BrowserRouter (C:\Users\DV.PRASAD\Elara-Cosmetics-E--Commerce-Website-\node_modules\react-router-dom\dist\umd\react-router-dom.development.js:695:7)

Consider adding an error boundary to your tree to customize error handling behavior.
Visit https://reactjs.org/link/error-boundaries to learn more about error boundaries.

 [31m❯[39m src/test/pages/WishlistPage.test.tsx [2m([22m[2m16 tests[22m[2m | [22m[31m16 failed[39m[2m)[22m[32m 66[2mms[22m[39m
[31m   [31m×[31m WishlistPage Tests[2m > [22mPage Rendering[2m > [22mshould render wishlist page without crashing[39m[32m 27[2mms[22m[39m
[31m     → useWishlist must be used within a WishlistProvider[39m
[31m   [31m×[31m WishlistPage Tests[2m > [22mPage Rendering[2m > [22mshould display breadcrumbs[39m[32m 3[2mms[22m[39m
[31m     → useWishlist must be used within a WishlistProvider[39m
[31m   [31m×[31m WishlistPage Tests[2m > [22mPage Rendering[2m > [22mshould display page title[39m[32m 3[2mms[22m[39m
[31m     → useWishlist must be used within a WishlistProvider[39m
[31m   [31m×[31m WishlistPage Tests[2m > [22mWishlist Items Display[2m > [22mshould display all wishlist items[39m[32m 3[2mms[22m[39m
[31m     → useWishlist must be used within a WishlistProvider[39m
[31m   [31m×[31m WishlistPage Tests[2m > [22mWishlist Items Display[2m > [22mshould display product images[39m[32m 3[2mms[22m[39m
[31m     → useWishlist must be used within a WishlistProvider[39m
[31m   [31m×[31m WishlistPage Tests[2m > [22mWishlist Items Display[2m > [22mshould display product prices[39m[32m 3[2mms[22m[39m
[31m     → useWishlist must be used within a WishlistProvider[39m
[31m   [31m×[31m WishlistPage Tests[2m > [22mWishlist Items Display[2m > [22mshould display original prices if available[39m[32m 2[2mms[22m[39m
[31m     → useWishlist must be used within a WishlistProvider[39m
[31m   [31m×[31m WishlistPage Tests[2m > [22mWishlist Actions[2m > [22mshould have remove button for each item[39m[32m 2[2mms[22m[39m
[31m     → useWishlist must be used within a WishlistProvider[39m
[31m   [31m×[31m WishlistPage Tests[2m > [22mWishlist Actions[2m > [22mshould have add to cart button for each item[39m[32m 2[2mms[22m[39m
[31m     → useWishlist must be used within a WishlistProvider[39m
[31m   [31m×[31m WishlistPage Tests[2m > [22mWishlist Actions[2m > [22mshould call addItem when add to cart clicked[39m[32m 3[2mms[22m[39m
[31m     → useWishlist must be used within a WishlistProvider[39m
[31m   [31m×[31m WishlistPage Tests[2m > [22mEmpty Wishlist State[2m > [22mshould display empty message when wishlist is empty[39m[32m 2[2mms[22m[39m
[31m     → useWishlist must be used within a WishlistProvider[39m
[31m   [31m×[31m WishlistPage Tests[2m > [22mProduct Links[2m > [22mshould have clickable product names/images[39m[32m 3[2mms[22m[39m
[31m     → useWishlist must be used within a WishlistProvider[39m
[31m   [31m×[31m WishlistPage Tests[2m > [22mWishlist Count[2m > [22mshould show item count in header[39m[32m 3[2mms[22m[39m
[31m     → useWishlist must be used within a WishlistProvider[39m
[31m   [31m×[31m WishlistPage Tests[2m > [22mResponsive Design[2m > [22mshould render items in grid layout[39m[32m 2[2mms[22m[39m
[31m     → useWishlist must be used within a WishlistProvider[39m
[31m   [31m×[31m WishlistPage Tests[2m > [22mBadges[2m > [22mshould display New badge[39m[32m 2[2mms[22m[39m
[31m     → useWishlist must be used within a WishlistProvider[39m
[31m   [31m×[31m WishlistPage Tests[2m > [22mBadges[2m > [22mshould display Bestseller badge[39m[32m 2[2mms[22m[39m
[31m     → useWishlist must be used within a WishlistProvider[39m

⎯⎯⎯⎯⎯⎯ Failed Tests 16 ⎯⎯⎯⎯⎯⎯⎯

 FAIL  src/test/pages/WishlistPage.test.tsx > WishlistPage Tests > Page Rendering > should render wishlist page without crashing
 FAIL  src/test/pages/WishlistPage.test.tsx > WishlistPage Tests > Page Rendering > should display breadcrumbs
 FAIL  src/test/pages/WishlistPage.test.tsx > WishlistPage Tests > Page Rendering > should display page title
 FAIL  src/test/pages/WishlistPage.test.tsx > WishlistPage Tests > Wishlist Items Display > should display all wishlist items
 FAIL  src/test/pages/WishlistPage.test.tsx > WishlistPage Tests > Wishlist Items Display > should display product images
 FAIL  src/test/pages/WishlistPage.test.tsx > WishlistPage Tests > Wishlist Items Display > should display product prices
 FAIL  src/test/pages/WishlistPage.test.tsx > WishlistPage Tests > Wishlist Items Display > should display original prices if available
 FAIL  src/test/pages/WishlistPage.test.tsx > WishlistPage Tests > Wishlist Actions > should have remove button for each item
 FAIL  src/test/pages/WishlistPage.test.tsx > WishlistPage Tests > Wishlist Actions > should have add to cart button for each item
 FAIL  src/test/pages/WishlistPage.test.tsx > WishlistPage Tests > Wishlist Actions > should call addItem when add to cart clicked
 FAIL  src/test/pages/WishlistPage.test.tsx > WishlistPage Tests > Empty Wishlist State > should display empty message when wishlist is empty
 FAIL  src/test/pages/WishlistPage.test.tsx > WishlistPage Tests > Product Links > should have clickable product names/images
 FAIL  src/test/pages/WishlistPage.test.tsx > WishlistPage Tests > Wishlist Count > should show item count in header
 FAIL  src/test/pages/WishlistPage.test.tsx > WishlistPage Tests > Responsive Design > should render items in grid layout
 FAIL  src/test/pages/WishlistPage.test.tsx > WishlistPage Tests > Badges > should display New badge
 FAIL  src/test/pages/WishlistPage.test.tsx > WishlistPage Tests > Badges > should display Bestseller badge
Error: useWishlist must be used within a WishlistProvider
 ❯ Module.useWishlist src/hooks/use-wishlist.ts:10:11
      8|   const context = useContext(WishlistContext);
      9|   if (!context) {
     10|     throw new Error("useWishlist must be used within a WishlistProvide…
       |           ^
     11|   }
     12|   return context;
 ❯ WishlistPage src/pages/WishlistPage.tsx:11:59
 ❯ renderWithHooks node_modules/react-dom/cjs/react-dom.development.js:15486:18
 ❯ mountIndeterminateComponent node_modules/react-dom/cjs/react-dom.development.js:20103:13
 ❯ beginWork node_modules/react-dom/cjs/react-dom.development.js:21626:16
 ❯ beginWork$1 node_modules/react-dom/cjs/react-dom.development.js:27465:14
 ❯ performUnitOfWork node_modules/react-dom/cjs/react-dom.development.js:26599:12
 ❯ workLoopSync node_modules/react-dom/cjs/react-dom.development.js:26505:5
 ❯ renderRootSync node_modules/react-dom/cjs/react-dom.development.js:26473:7
 ❯ recoverFromConcurrentError node_modules/react-dom/cjs/react-dom.development.js:25889:20

⎯⎯⎯⎯⎯⎯⎯⎯⎯⎯⎯⎯⎯⎯⎯⎯⎯⎯⎯⎯⎯⎯⎯[1/16]⎯


[2m Test Files [22m [1m[31m1 failed[39m[22m[90m (1)[39m
[2m      Tests [22m [1m[31m16 failed[39m[22m[90m (16)[39m
[2m   Start at [22m 11:43:13
[2m   Duration [22m 2.09s[2m (transform 80ms, setup 124ms, collect 418ms, tests 66ms, environment 674ms, prepare 141ms)[22m

